Archive member included to satisfy reference by file (symbol)

/home/valentin/Documents/micro_ros_raspberrypi_pico_sdk-jazzy/libmicroros/libmicroros.a(librcl-publisher.c.obj)
                              CMakeFiles/pico_micro_ros_example.dir/src/main.c.o (rcl_publish)
/home/valentin/Documents/micro_ros_raspberrypi_pico_sdk-jazzy/libmicroros/libmicroros.a(librclc-executor.c.obj)
                              CMakeFiles/pico_micro_ros_example.dir/src/main.c.o (rclc_executor_init)
/home/valentin/Documents/micro_ros_raspberrypi_pico_sdk-jazzy/libmicroros/libmicroros.a(librclc-executor_handle.c.obj)
                              /home/valentin/Documents/micro_ros_raspberrypi_pico_sdk-jazzy/libmicroros/libmicroros.a(librclc-executor.c.obj) (rclc_executor_handle_counters_zero_init)
/home/valentin/Documents/micro_ros_raspberrypi_pico_sdk-jazzy/libmicroros/libmicroros.a(librclc-init.c.obj)
                              CMakeFiles/pico_micro_ros_example.dir/src/main.c.o (rclc_support_init)
/home/valentin/Documents/micro_ros_raspberrypi_pico_sdk-jazzy/libmicroros/libmicroros.a(librclc-node.c.obj)
                              CMakeFiles/pico_micro_ros_example.dir/src/main.c.o (rclc_node_init_default)
/home/valentin/Documents/micro_ros_raspberrypi_pico_sdk-jazzy/libmicroros/libmicroros.a(librclc-publisher.c.obj)
                              CMakeFiles/pico_micro_ros_example.dir/src/main.c.o (rclc_publisher_init_default)
/home/valentin/Documents/micro_ros_raspberrypi_pico_sdk-jazzy/libmicroros/libmicroros.a(librclc-sleep.c.obj)
                              /home/valentin/Documents/micro_ros_raspberrypi_pico_sdk-jazzy/libmicroros/libmicroros.a(librclc-executor.c.obj) (rclc_sleep_ms)
/home/valentin/Documents/micro_ros_raspberrypi_pico_sdk-jazzy/libmicroros/libmicroros.a(librclc-subscription.c.obj)
                              CMakeFiles/pico_micro_ros_example.dir/src/main.c.o (rclc_subscription_init_default)
/home/valentin/Documents/micro_ros_raspberrypi_pico_sdk-jazzy/libmicroros/libmicroros.a(librclc-timer.c.obj)
                              CMakeFiles/pico_micro_ros_example.dir/src/main.c.o (rclc_timer_init_default)
/home/valentin/Documents/micro_ros_raspberrypi_pico_sdk-jazzy/libmicroros/libmicroros.a(librcutils-allocator.c.obj)
                              CMakeFiles/pico_micro_ros_example.dir/src/main.c.o (rcutils_get_default_allocator)
/home/valentin/Documents/micro_ros_raspberrypi_pico_sdk-jazzy/libmicroros/libmicroros.a(librcutils-error_handling.c.obj)
                              /home/valentin/Documents/micro_ros_raspberrypi_pico_sdk-jazzy/libmicroros/libmicroros.a(librcl-publisher.c.obj) (rcutils_reset_error)
/home/valentin/Documents/micro_ros_raspberrypi_pico_sdk-jazzy/libmicroros/libmicroros.a(librcutils-time_unix.c.obj)
                              /home/valentin/Documents/micro_ros_raspberrypi_pico_sdk-jazzy/libmicroros/libmicroros.a(librclc-executor.c.obj) (rcutils_system_time_now)
/home/valentin/Documents/micro_ros_raspberrypi_pico_sdk-jazzy/libmicroros/libmicroros.a(librmw-publisher_options.c.obj)
                              /home/valentin/Documents/micro_ros_raspberrypi_pico_sdk-jazzy/libmicroros/libmicroros.a(librcl-publisher.c.obj) (rmw_get_default_publisher_options)
/home/valentin/Documents/micro_ros_raspberrypi_pico_sdk-jazzy/libmicroros/libmicroros.a(librmw_microxrcedds-custom_transport.c.obj)
                              CMakeFiles/pico_micro_ros_example.dir/src/main.c.o (rmw_uros_set_custom_transport)
/home/valentin/Documents/micro_ros_raspberrypi_pico_sdk-jazzy/libmicroros/libmicroros.a(librmw_microxrcedds-ping.c.obj)
                              CMakeFiles/pico_micro_ros_example.dir/src/main.c.o (rmw_uros_ping_agent)
/home/valentin/Documents/micro_ros_raspberrypi_pico_sdk-jazzy/libmicroros/libmicroros.a(librmw_microxrcedds-rmw_publish.c.obj)
                              /home/valentin/Documents/micro_ros_raspberrypi_pico_sdk-jazzy/libmicroros/libmicroros.a(librcl-publisher.c.obj) (rmw_publish)
/home/valentin/Documents/micro_ros_raspberrypi_pico_sdk-jazzy/libmicroros/libmicroros.a(librmw_microxrcedds-rmw_publisher.c.obj)
                              /home/valentin/Documents/micro_ros_raspberrypi_pico_sdk-jazzy/libmicroros/libmicroros.a(librcl-publisher.c.obj) (rmw_create_publisher)
/home/valentin/Documents/micro_ros_raspberrypi_pico_sdk-jazzy/libmicroros/libmicroros.a(librmw_microxrcedds-rmw_uxrce_transports.c.obj)
                              /home/valentin/Documents/micro_ros_raspberrypi_pico_sdk-jazzy/libmicroros/libmicroros.a(librmw_microxrcedds-ping.c.obj) (rmw_uxrce_transport_init)
/home/valentin/Documents/micro_ros_raspberrypi_pico_sdk-jazzy/libmicroros/libmicroros.a(librmw_microxrcedds-types.c.obj)
                              /home/valentin/Documents/micro_ros_raspberrypi_pico_sdk-jazzy/libmicroros/libmicroros.a(librmw_microxrcedds-ping.c.obj) (session_memory)
[...]
Memory Configuration

Name             Origin             Length             Attributes
FLASH            0x10000000         0x00400000         xr
RAM              0x20000000         0x00080000         xrw
SCRATCH_X        0x20080000         0x00001000         xrw
SCRATCH_Y        0x20081000         0x00001000         xrw
*default*        0x00000000         0xffffffff

Linker script and memory map

LOAD /home/valentin/.pico-sdk/toolchain/14_2_Rel1/bin/../lib/gcc/arm-none-eabi/14.2.1/thumb/v8-m.main+fp/softfp/crti.o
LOAD /home/valentin/.pico-sdk/toolchain/14_2_Rel1/bin/../lib/gcc/arm-none-eabi/14.2.1/thumb/v8-m.main+fp/softfp/crtbegin.o
LOAD /home/valentin/.pico-sdk/toolchain/14_2_Rel1/bin/../lib/gcc/arm-none-eabi/14.2.1/../../../../arm-none-eabi/lib/thumb/v8-m.main+fp/softfp/crt0.o

.flash_begin    0x10000000        0x0
                0x10000000                        __flash_binary_start = .

.text           0x10000000    0x133d8
                0x10000000                        __logical_binary_start = .
 *(.vectors)
 .vectors       0x10000000      0x124 CMakeFiles/pico_micro_ros_example.dir/home/valentin/.pico-sdk/sdk/2.2.0/src/rp2_common/pico_crt0/crt0.S.o
                0x10000000                __vectors
                0x10000000                __VECTOR_TABLE
                0x10000110                isr_securefault
                0x10000110                isr_irq30
                0x10000110                __unhandled_user_irq
                0x10000110                isr_irq49
                0x10000110                isr_irq13
                0x10000110                isr_irq43
                0x10000110                isr_irq45
                0x10000110                isr_irq27
                0x10000110                isr_irq32
                0x10000110                isr_irq31
                0x10000110                isr_irq5
                0x10000110                isr_irq11
                0x10000110                isr_irq23
                0x10000110                isr_usagefault
                0x10000110                isr_irq48
                0x10000110                isr_irq35
                0x10000110                isr_irq18
                0x10000110                isr_irq50
                0x10000110                isr_irq40
                0x10000110                isr_irq28
                0x10000110                isr_irq19
                0x10000110                isr_irq36
                0x10000110                isr_irq41
                0x10000110                isr_irq0
                0x10000110                isr_irq6
                0x10000110                isr_memmanage
                0x10000110                isr_irq37
                0x10000110                isr_irq42
                0x10000110                isr_irq22
                0x10000110                isr_irq17
                0x10000110                isr_irq38
                0x10000110                isr_irq14
                0x10000110                __vectors_end
                0x10000110                __default_isrs_start
                0x10000110                isr_irq2
                0x10000110                isr_irq10
                0x10000110                isr_irq8
                0x10000110                isr_debugmonitor
                0x10000110                isr_irq24
                0x10000110                isr_irq46
                0x10000110                isr_irq1
                0x10000110                isr_irq47
                0x10000110                isr_irq51
                0x10000110                isr_irq7
                0x10000110                isr_irq21
                0x10000110                isr_irq39
                0x10000110                isr_irq20
                0x10000110                isr_irq15
                0x10000110                isr_irq25
                0x10000110                isr_irq34
                0x10000110                isr_irq4
                0x10000110                isr_busfault
                0x10000110                isr_irq16
                0x10000110                isr_irq44
                0x10000110                isr_irq29
                0x10000110                isr_irq26
                0x10000110                isr_irq33
                0x10000110                isr_irq3
                0x10000110                isr_irq12
                0x10000110                isr_irq9
                0x10000116                unhandled_user_irq_num_in_r0
                0x10000118                isr_invalid
                0x1000011a                isr_nmi
                0x1000011c                isr_hardfault
                0x1000011e                isr_svcall
                0x10000120                isr_pendsv
                0x10000122                isr_systick
                0x10000124                __default_isrs_end
 *(.binary_info_header)
 .binary_info_header
                0x10000124       0x14 CMakeFiles/pico_micro_ros_example.dir/home/valentin/.pico-sdk/sdk/2.2.0/src/rp2_common/pico_crt0/crt0.S.o
                0x10000138                        __binary_info_header_end = .
 *(.embedded_block)
 .embedded_block
                0x10000138       0x14 CMakeFiles/pico_micro_ros_example.dir/home/valentin/.pico-sdk/sdk/2.2.0/src/rp2_common/pico_crt0/crt0.S.o
                0x1000014c                        __embedded_block_end = .
 *(.reset)
 .reset         0x1000014c       0x98 CMakeFiles/pico_micro_ros_example.dir/home/valentin/.pico-sdk/sdk/2.2.0/src/rp2_common/pico_crt0/crt0.S.o
                0x1000014c                _entry_point
 *(.init)
 .init          0x100001e4        0x4 /home/valentin/.pico-sdk/toolchain/14_2_Rel1/bin/../lib/gcc/arm-none-eabi/14.2.1/thumb/v8-m.main+fp/softfp/crti.o
                0x100001e4                _init
 *libgcc.a:cmse_nonsecure_call.o()
 *(EXCLUDE_FILE(*libm.a: *libc.a:*lib_a-mem*.o *libgcc.a:) .text*)
 .text.register_tm_clones
                0x100001e8       0x28 /home/valentin/.pico-sdk/toolchain/14_2_Rel1/bin/../lib/gcc/arm-none-eabi/14.2.1/thumb/v8-m.main+fp/softfp/crtbegin.o
 .text.frame_dummy
                0x10000210       0x24 /home/valentin/.pico-sdk/toolchain/14_2_Rel1/bin/../lib/gcc/arm-none-eabi/14.2.1/thumb/v8-m.main+fp/softfp/crtbegin.o
 .text.subscription_callback
                0x10000234        0xa CMakeFiles/pico_micro_ros_example.dir/src/main.c.o
                0x10000234                subscription_callback
 *fill*         0x1000023e        0x2 
 .text.timer_callback
                0x10000240       0x24 CMakeFiles/pico_micro_ros_example.dir/src/main.c.o
                0x10000240                timer_callback
 .text.set_sys_clock_khz
                0x10000264       0x38 CMakeFiles/pico_micro_ros_example.dir/src/main.c.o
 *fill*         0x1000029c        0x4 
 .text.main     0x100002a0      0x178 CMakeFiles/pico_micro_ros_example.dir/src/main.c.o
                0x100002a0                main
 .text.sm_config_set_clkdiv
                0x10000418       0x5c CMakeFiles/pico_micro_ros_example.dir/src/lx16.c.o
 .text.pio_get_default_sm_config
                0x10000474       0x24 CMakeFiles/pico_micro_ros_example.dir/src/lx16.c.o
 .text.uart_tx_program_get_default_config
                0x10000498       0x36 CMakeFiles/pico_micro_ros_example.dir/src/lx16.c.o
 .text.calc_checksum
                0x100004ce       0x1e CMakeFiles/pico_micro_ros_example.dir/src/lx16.c.o
 .text.send_packet
                0x100004ec       0x54 CMakeFiles/pico_micro_ros_example.dir/src/lx16.c.o
 .text.lx16_init
                0x10000540       0xb8 CMakeFiles/pico_micro_ros_example.dir/src/lx16.c.o
                0x10000540                lx16_init
 .text.lx16_move
                0x100005f8       0x50 CMakeFiles/pico_micro_ros_example.dir/src/lx16.c.o
                0x100005f8                lx16_move
 .text.lx16_load
                0x10000648       0x40 CMakeFiles/pico_micro_ros_example.dir/src/lx16.c.o
                0x10000648                lx16_load
 .text.geste_poser_noisette
                0x10000688       0x3c CMakeFiles/pico_micro_ros_example.dir/src/actions.c.o
 .text.geste_prendre_noisette
                0x100006c4       0x40 CMakeFiles/pico_micro_ros_example.dir/src/actions.c.o
 .text.action_executer
                0x10000704       0x28 CMakeFiles/pico_micro_ros_example.dir/src/actions.c.o
                0x10000704                action_executer
 .text.pompe_set
                0x1000072c       0x2a CMakeFiles/pico_micro_ros_example.dir/src/periph.c.o
                0x1000072c                pompe_set
 .text.periph_init
                0x10000756       0x26 CMakeFiles/pico_micro_ros_example.dir/src/periph.c.o
                0x10000756                periph_init
 .text.uart_getc
                0x1000077c       0x30 CMakeFiles/pico_micro_ros_example.dir/src/pico_uart_transport.c.o
 .text.pico_serial_transport_open
                0x100007ac       0x24 CMakeFiles/pico_micro_ros_example.dir/src/pico_uart_transport.c.o
                0x100007ac                pico_serial_transport_open
 .text.pico_serial_transport_close
                0x100007d0        0x4 CMakeFiles/pico_micro_ros_example.dir/src/pico_uart_transport.c.o
                0x100007d0                pico_serial_transport_close
 .text.pico_serial_transport_write
                0x100007d4       0x28 CMakeFiles/pico_micro_ros_example.dir/src/pico_uart_transport.c.o
                0x100007d4                pico_serial_transport_write
 .text.pico_serial_transport_read
                0x100007fc       0x80 CMakeFiles/pico_micro_ros_example.dir/src/pico_uart_transport.c.o
                0x100007fc                pico_serial_transport_read
 .text.clock_gettime
                0x1000087c       0x38 CMakeFiles/pico_micro_ros_example.dir/src/pico_uart_transport.c.o
                0x1000087c                clock_gettime
 .text.gpio_set_function
                0x100008b4       0x38 CMakeFiles/pico_micro_ros_example.dir/home/valentin/.pico-sdk/sdk/2.2.0/src/rp2_common/hardware_gpio/gpio.c.o
                0x100008b4                gpio_set_function
 .text.gpio_init
                0x100008ec       0x16 CMakeFiles/pico_micro_ros_example.dir/home/valentin/.pico-sdk/sdk/2.2.0/src/rp2_common/hardware_gpio/gpio.c.o
                0x100008ec                gpio_init
 *fill*         0x10000902        0x2 
 .text.panic    0x10000904       0x30 CMakeFiles/pico_micro_ros_example.dir/home/valentin/.pico-sdk/sdk/2.2.0/src/rp2_common/pico_platform_panic/panic.c.o
                0x10000904                panic
 .text.hw_claim_lock
                0x10000934       0x24 CMakeFiles/pico_micro_ros_example.dir/home/valentin/.pico-sdk/sdk/2.2.0/src/common/hardware_claim/claim.c.o
                0x10000934                hw_claim_lock
 .text.hw_claim_unlock
                0x10000958       0x14 CMakeFiles/pico_micro_ros_example.dir/home/valentin/.pico-sdk/sdk/2.2.0/src/common/hardware_claim/claim.c.o
                0x10000958                hw_claim_unlock
 .text.hw_claim_or_assert
                0x1000096c       0x32 CMakeFiles/pico_micro_ros_example.dir/home/valentin/.pico-sdk/sdk/2.2.0/src/common/hardware_claim/claim.c.o
                0x1000096c                hw_claim_or_assert
 *fill*         0x1000099e        0x2 
 .text.next_striped_spin_lock_num
                0x100009a0       0x1c CMakeFiles/pico_micro_ros_example.dir/home/valentin/.pico-sdk/sdk/2.2.0/src/rp2_common/hardware_sync/sync.c.o
                0x100009a0                next_striped_spin_lock_num
 .text.spinlock_set_extexclall
                0x100009bc        0xe CMakeFiles/pico_micro_ros_example.dir/home/valentin/.pico-sdk/sdk/2.2.0/src/rp2_common/hardware_sync_spin_lock/sync_spin_lock.c.o
 *fill*         0x100009ca        0x2 
 .text.spin_locks_reset
                0x100009cc       0x1c CMakeFiles/pico_micro_ros_example.dir/home/valentin/.pico-sdk/sdk/2.2.0/src/rp2_common/hardware_sync_spin_lock/sync_spin_lock.c.o
                0x100009cc                spin_locks_reset
 .text.set_raw_irq_handler_and_unlock
                0x100009e8       0x24 CMakeFiles/pico_micro_ros_example.dir/home/valentin/.pico-sdk/sdk/2.2.0/src/rp2_common/hardware_irq/irq.c.o
 .text.nvic_ipr0
                0x10000a0c        0x8 CMakeFiles/pico_micro_ros_example.dir/home/valentin/.pico-sdk/sdk/2.2.0/src/rp2_common/hardware_irq/irq.c.o
 .text.runtime_init_per_core_irq_priorities
                0x10000a14       0x1c CMakeFiles/pico_micro_ros_example.dir/home/valentin/.pico-sdk/sdk/2.2.0/src/rp2_common/hardware_irq/irq.c.o
                0x10000a14                runtime_init_per_core_irq_priorities
 .text.irq_set_mask_n_enabled
                0x10000a30       0x20 CMakeFiles/pico_micro_ros_example.dir/home/valentin/.pico-sdk/sdk/2.2.0/src/rp2_common/hardware_irq/irq.c.o
                0x10000a30                irq_set_mask_n_enabled
 .text.irq_set_enabled
                0x10000a50       0x14 CMakeFiles/pico_micro_ros_example.dir/home/valentin/.pico-sdk/sdk/2.2.0/src/rp2_common/hardware_irq/irq.c.o
                0x10000a50                irq_set_enabled
 .text.irq_get_vtable_handler
                0x10000a64       0x10 CMakeFiles/pico_micro_ros_example.dir/home/valentin/.pico-sdk/sdk/2.2.0/src/rp2_common/hardware_irq/irq.c.o
                0x10000a64                irq_get_vtable_handler
 .text.irq_set_exclusive_handler
                0x10000a74       0x60 CMakeFiles/pico_micro_ros_example.dir/home/valentin/.pico-sdk/sdk/2.2.0/src/rp2_common/hardware_irq/irq.c.o
                0x10000a74                irq_set_exclusive_handler
 .text.lock_init
                0x10000ad4        0xc CMakeFiles/pico_micro_ros_example.dir/home/valentin/.pico-sdk/sdk/2.2.0/src/common/pico_sync/lock_core.c.o
                0x10000ad4                lock_init
 .text.mutex_init
                0x10000ae0       0x1a CMakeFiles/pico_micro_ros_example.dir/home/valentin/.pico-sdk/sdk/2.2.0/src/common/pico_sync/mutex.c.o
                0x10000ae0                mutex_init
 .text.recursive_mutex_init
                0x10000afa       0x1e CMakeFiles/pico_micro_ros_example.dir/home/valentin/.pico-sdk/sdk/2.2.0/src/common/pico_sync/mutex.c.o
                0x10000afa                recursive_mutex_init
 .text.runtime_init_mutex
                0x10000b18       0x4c CMakeFiles/pico_micro_ros_example.dir/home/valentin/.pico-sdk/sdk/2.2.0/src/common/pico_sync/mutex.c.o
                0x10000b18                runtime_init_mutex
 .text.ta_from_current_irq
                0x10000b64       0x24 CMakeFiles/pico_micro_ros_example.dir/home/valentin/.pico-sdk/sdk/2.2.0/src/common/pico_time/time.c.o
 .text.ta_set_timeout
                0x10000b88       0x2a CMakeFiles/pico_micro_ros_example.dir/home/valentin/.pico-sdk/sdk/2.2.0/src/common/pico_time/time.c.o
 .text.make_alarm_id
                0x10000bb2        0x6 CMakeFiles/pico_micro_ros_example.dir/home/valentin/.pico-sdk/sdk/2.2.0/src/common/pico_time/time.c.o
 .text.sleep_until_callback
                0x10000bb8       0x3c CMakeFiles/pico_micro_ros_example.dir/home/valentin/.pico-sdk/sdk/2.2.0/src/common/pico_time/time.c.o
 .text.alarm_pool_irq_handler
                0x10000bf4      0x2ec CMakeFiles/pico_micro_ros_example.dir/home/valentin/.pico-sdk/sdk/2.2.0/src/common/pico_time/time.c.o
 .text.ta_enable_irq_handler
                0x10000ee0       0x38 CMakeFiles/pico_micro_ros_example.dir/home/valentin/.pico-sdk/sdk/2.2.0/src/common/pico_time/time.c.o
 .text.alarm_pool_post_alloc_init
                0x10000f18       0x7c CMakeFiles/pico_micro_ros_example.dir/home/valentin/.pico-sdk/sdk/2.2.0/src/common/pico_time/time.c.o
 .text.alarm_pool_get_default
                0x10000f94       0x28 CMakeFiles/pico_micro_ros_example.dir/home/valentin/.pico-sdk/sdk/2.2.0/src/common/pico_time/time.c.o
                0x10000f94                alarm_pool_get_default
 .text.alarm_pool_add_alarm_at_force_in_context
                0x10000fbc       0xc0 CMakeFiles/pico_micro_ros_example.dir/home/valentin/.pico-sdk/sdk/2.2.0/src/common/pico_time/time.c.o
                0x10000fbc                alarm_pool_add_alarm_at_force_in_context
 .text.alarm_pool_add_alarm_at
                0x1000107c       0x38 CMakeFiles/pico_micro_ros_example.dir/home/valentin/.pico-sdk/sdk/2.2.0/src/common/pico_time/time.c.o
                0x1000107c                alarm_pool_add_alarm_at
 .text.add_alarm_at
                0x100010b4       0x26 CMakeFiles/pico_micro_ros_example.dir/home/valentin/.pico-sdk/sdk/2.2.0/src/common/pico_time/time.c.o
 .text.alarm_pool_cancel_alarm
                0x100010da       0x72 CMakeFiles/pico_micro_ros_example.dir/home/valentin/.pico-sdk/sdk/2.2.0/src/common/pico_time/time.c.o
                0x100010da                alarm_pool_cancel_alarm
 .text.cancel_alarm
                0x1000114c       0x10 CMakeFiles/pico_micro_ros_example.dir/home/valentin/.pico-sdk/sdk/2.2.0/src/common/pico_time/time.c.o
 .text.sleep_until
                0x1000115c       0xb4 CMakeFiles/pico_micro_ros_example.dir/home/valentin/.pico-sdk/sdk/2.2.0/src/common/pico_time/time.c.o
                0x1000115c                sleep_until
 .text.sleep_us
                0x10001210       0x24 CMakeFiles/pico_micro_ros_example.dir/home/valentin/.pico-sdk/sdk/2.2.0/src/common/pico_time/time.c.o
                0x10001210                sleep_us
 .text.sleep_ms
                0x10001234       0x28 CMakeFiles/pico_micro_ros_example.dir/home/valentin/.pico-sdk/sdk/2.2.0/src/common/pico_time/time.c.o
                0x10001234                sleep_ms
 .text.best_effort_wfe_or_timeout
                0x1000125c       0xfc CMakeFiles/pico_micro_ros_example.dir/home/valentin/.pico-sdk/sdk/2.2.0/src/common/pico_time/time.c.o
                0x1000125c                best_effort_wfe_or_timeout
 .text.alarm_pool_get_default_timer
                0x10001358        0x8 CMakeFiles/pico_micro_ros_example.dir/home/valentin/.pico-sdk/sdk/2.2.0/src/common/pico_time/time.c.o
                0x10001358                alarm_pool_get_default_timer
 .text.runtime_init_default_alarm_pool
                0x10001360       0x34 CMakeFiles/pico_micro_ros_example.dir/home/valentin/.pico-sdk/sdk/2.2.0/src/common/pico_time/time.c.o
                0x10001360                runtime_init_default_alarm_pool
 .text.timer_hardware_alarm_claim
                0x10001394       0x24 CMakeFiles/pico_micro_ros_example.dir/home/valentin/.pico-sdk/sdk/2.2.0/src/rp2_common/hardware_timer/timer.c.o
                0x10001394                timer_hardware_alarm_claim
 .text.timer_time_us_64
                0x100013b8       0x10 CMakeFiles/pico_micro_ros_example.dir/home/valentin/.pico-sdk/sdk/2.2.0/src/rp2_common/hardware_timer/timer.c.o
                0x100013b8                timer_time_us_64
 .text.timer_busy_wait_until
                0x100013c8       0x1a CMakeFiles/pico_micro_ros_example.dir/home/valentin/.pico-sdk/sdk/2.2.0/src/rp2_common/hardware_timer/timer.c.o
                0x100013c8                timer_busy_wait_until
 .text.timer_busy_wait_us
                0x100013e2       0x28 CMakeFiles/pico_micro_ros_example.dir/home/valentin/.pico-sdk/sdk/2.2.0/src/rp2_common/hardware_timer/timer.c.o
                0x100013e2                timer_busy_wait_us
 *fill*         0x1000140a        0x2 
 .text.time_us_64
                0x1000140c       0x10 CMakeFiles/pico_micro_ros_example.dir/home/valentin/.pico-sdk/sdk/2.2.0/src/rp2_common/hardware_timer/timer.c.o
                0x1000140c                time_us_64
 .text.busy_wait_us
                0x1000141c       0x14 CMakeFiles/pico_micro_ros_example.dir/home/valentin/.pico-sdk/sdk/2.2.0/src/rp2_common/hardware_timer/timer.c.o
                0x1000141c                busy_wait_us
 .text.busy_wait_until
                0x10001430       0x14 CMakeFiles/pico_micro_ros_example.dir/home/valentin/.pico-sdk/sdk/2.2.0/src/rp2_common/hardware_timer/timer.c.o
                0x10001430                busy_wait_until
 .text.uart_unreset
                0x10001444       0x2c CMakeFiles/pico_micro_ros_example.dir/home/valentin/.pico-sdk/sdk/2.2.0/src/rp2_common/hardware_uart/uart.c.o
 .text.uart_disable_before_lcr_write
                0x10001470       0x40 CMakeFiles/pico_micro_ros_example.dir/home/valentin/.pico-sdk/sdk/2.2.0/src/rp2_common/hardware_uart/uart.c.o
 .text.uart_write_lcr_bits_masked
                0x100014b0       0x1c CMakeFiles/pico_micro_ros_example.dir/home/valentin/.pico-sdk/sdk/2.2.0/src/rp2_common/hardware_uart/uart.c.o
 .text.uart_set_baudrate
                0x100014cc       0x52 CMakeFiles/pico_micro_ros_example.dir/home/valentin/.pico-sdk/sdk/2.2.0/src/rp2_common/hardware_uart/uart.c.o
                0x100014cc                uart_set_baudrate
 *fill*         0x1000151e        0x2 
 .text.uart_set_translate_crlf
                0x10001520       0x24 CMakeFiles/pico_micro_ros_example.dir/home/valentin/.pico-sdk/sdk/2.2.0/src/rp2_common/hardware_uart/uart.c.o
                0x10001520                uart_set_translate_crlf
 .text.uart_init
                0x10001544       0x5c CMakeFiles/pico_micro_ros_example.dir/home/valentin/.pico-sdk/sdk/2.2.0/src/rp2_common/hardware_uart/uart.c.o
                0x10001544                uart_init
 .text.clock_configure_internal
                0x100015a0       0xb8 CMakeFiles/pico_micro_ros_example.dir/home/valentin/.pico-sdk/sdk/2.2.0/src/rp2_common/hardware_clocks/clocks.c.o
 .text.clock_configure_undivided
                0x10001658       0x12 CMakeFiles/pico_micro_ros_example.dir/home/valentin/.pico-sdk/sdk/2.2.0/src/rp2_common/hardware_clocks/clocks.c.o
                0x10001658                clock_configure_undivided
 *fill*         0x1000166a        0x2 
 .text.clock_get_hz
                0x1000166c        0xc CMakeFiles/pico_micro_ros_example.dir/home/valentin/.pico-sdk/sdk/2.2.0/src/rp2_common/hardware_clocks/clocks.c.o
                0x1000166c                clock_get_hz
 .text.set_sys_clock_pll
                0x10001678       0x64 CMakeFiles/pico_micro_ros_example.dir/home/valentin/.pico-sdk/sdk/2.2.0/src/rp2_common/hardware_clocks/clocks.c.o
                0x10001678                set_sys_clock_pll
 .text.check_sys_clock_khz
                0x100016dc       0x74 CMakeFiles/pico_micro_ros_example.dir/home/valentin/.pico-sdk/sdk/2.2.0/src/rp2_common/hardware_clocks/clocks.c.o
                0x100016dc                check_sys_clock_khz
 .text.pll_init
                0x10001750      0x108 CMakeFiles/pico_micro_ros_example.dir/home/valentin/.pico-sdk/sdk/2.2.0/src/rp2_common/hardware_pll/pll.c.o
                0x10001750                pll_init
 .text.tick_start
                0x10001858       0x1c CMakeFiles/pico_micro_ros_example.dir/home/valentin/.pico-sdk/sdk/2.2.0/src/rp2_common/hardware_ticks/ticks.c.o
                0x10001858                tick_start
 .text.rom_func_lookup
                0x10001874       0x1e CMakeFiles/pico_micro_ros_example.dir/home/valentin/.pico-sdk/sdk/2.2.0/src/rp2_common/pico_bootrom/bootrom.c.o
                0x10001874                rom_func_lookup
 *fill*         0x10001892        0x2 
 .text.runtime_init_bootrom_locking_enable
                0x10001894       0x14 CMakeFiles/pico_micro_ros_example.dir/home/valentin/.pico-sdk/sdk/2.2.0/src/rp2_common/pico_bootrom/bootrom_lock.c.o
                0x10001894                runtime_init_bootrom_locking_enable
 .text.boot_locks_reset
                0x100018a8       0x20 CMakeFiles/pico_micro_ros_example.dir/home/valentin/.pico-sdk/sdk/2.2.0/src/rp2_common/hardware_boot_lock/boot_lock.c.o
                0x100018a8                boot_locks_reset
 .text.runtime_init_boot_locks_reset
                0x100018c8        0x8 CMakeFiles/pico_micro_ros_example.dir/home/valentin/.pico-sdk/sdk/2.2.0/src/rp2_common/hardware_boot_lock/boot_lock.c.o
                0x100018c8                runtime_init_boot_locks_reset
 .text.xosc_init
                0x100018d0       0x28 CMakeFiles/pico_micro_ros_example.dir/home/valentin/.pico-sdk/sdk/2.2.0/src/rp2_common/hardware_xosc/xosc.c.o
                0x100018d0                xosc_init
 .text.runtime_run_initializers_from
                0x100018f8       0x18 CMakeFiles/pico_micro_ros_example.dir/home/valentin/.pico-sdk/sdk/2.2.0/src/rp2_common/pico_runtime/runtime.c.o
 .text.first_per_core_initializer
                0x10001910        0x2 CMakeFiles/pico_micro_ros_example.dir/home/valentin/.pico-sdk/sdk/2.2.0/src/rp2_common/pico_runtime/runtime.c.o
 *fill*         0x10001912        0x2 
 .text.runtime_run_initializers
                0x10001914       0x10 CMakeFiles/pico_micro_ros_example.dir/home/valentin/.pico-sdk/sdk/2.2.0/src/rp2_common/pico_runtime/runtime.c.o
                0x10001914                runtime_run_initializers
 .text.runtime_init_early_resets
                0x10001924       0x2c CMakeFiles/pico_micro_ros_example.dir/home/valentin/.pico-sdk/sdk/2.2.0/src/rp2_common/pico_runtime_init/runtime_init.c.o
                0x10001924                runtime_init_early_resets
 .text.runtime_init_usb_power_down
                0x10001950       0x20 CMakeFiles/pico_micro_ros_example.dir/home/valentin/.pico-sdk/sdk/2.2.0/src/rp2_common/pico_runtime_init/runtime_init.c.o
                0x10001950                runtime_init_usb_power_down
 .text.runtime_init_per_core_enable_coprocessors
                0x10001970       0x1c CMakeFiles/pico_micro_ros_example.dir/home/valentin/.pico-sdk/sdk/2.2.0/src/rp2_common/pico_runtime_init/runtime_init.c.o
                0x10001970                runtime_init_per_core_enable_coprocessors
 .text.runtime_init_post_clock_resets
                0x1000198c       0x20 CMakeFiles/pico_micro_ros_example.dir/home/valentin/.pico-sdk/sdk/2.2.0/src/rp2_common/pico_runtime_init/runtime_init.c.o
                0x1000198c                runtime_init_post_clock_resets
 .text.runtime_init_bootrom_reset
                0x100019ac       0x12 CMakeFiles/pico_micro_ros_example.dir/home/valentin/.pico-sdk/sdk/2.2.0/src/rp2_common/pico_runtime_init/runtime_init.c.o
                0x100019ac                runtime_init_bootrom_reset
 .text.runtime_init_per_core_bootrom_reset
                0x100019be       0x12 CMakeFiles/pico_micro_ros_example.dir/home/valentin/.pico-sdk/sdk/2.2.0/src/rp2_common/pico_runtime_init/runtime_init.c.o
                0x100019be                runtime_init_per_core_bootrom_reset
 .text.runtime_init_spin_locks_reset
                0x100019d0        0x8 CMakeFiles/pico_micro_ros_example.dir/home/valentin/.pico-sdk/sdk/2.2.0/src/rp2_common/pico_runtime_init/runtime_init.c.o
                0x100019d0                runtime_init_spin_locks_reset
 .text.runtime_init_install_ram_vector_table
                0x100019d8       0x48 CMakeFiles/pico_micro_ros_example.dir/home/valentin/.pico-sdk/sdk/2.2.0/src/rp2_common/pico_runtime_init/runtime_init.c.o
                0x100019d8                runtime_init_install_ram_vector_table
 .text.start_all_ticks
                0x10001a20       0x28 CMakeFiles/pico_micro_ros_example.dir/home/valentin/.pico-sdk/sdk/2.2.0/src/rp2_common/pico_runtime_init/runtime_init_clocks.c.o
 .text.runtime_init_clocks
                0x10001a48       0xc4 CMakeFiles/pico_micro_ros_example.dir/home/valentin/.pico-sdk/sdk/2.2.0/src/rp2_common/pico_runtime_init/runtime_init_clocks.c.o
                0x10001a48                runtime_init_clocks
 .text.__rp2350_dcp_engaged_state_save_restore
                0x10001b0c       0x3a CMakeFiles/pico_micro_ros_example.dir/home/valentin/.pico-sdk/sdk/2.2.0/src/rp2_common/pico_double/double_aeabi_dcp.S.o
 *fill*         0x10001b46        0x2 
 .text.__wrap___aeabi_dadd
                0x10001b48       0x28 CMakeFiles/pico_micro_ros_example.dir/home/valentin/.pico-sdk/sdk/2.2.0/src/rp2_common/pico_double/double_aeabi_dcp.S.o
                0x10001b50                __wrap___aeabi_dadd
 .text.__wrap___aeabi_dsub
                0x10001b70       0x28 CMakeFiles/pico_micro_ros_example.dir/home/valentin/.pico-sdk/sdk/2.2.0/src/rp2_common/pico_double/double_aeabi_dcp.S.o
                0x10001b78                __wrap___aeabi_dsub
 .text.__wrap___aeabi_dmul
                0x10001b98       0x4c CMakeFiles/pico_micro_ros_example.dir/home/valentin/.pico-sdk/sdk/2.2.0/src/rp2_common/pico_double/double_aeabi_dcp.S.o
                0x10001ba0                __wrap___aeabi_dmul
 .text.__wrap___aeabi_ddiv
                0x10001be4       0x9c CMakeFiles/pico_micro_ros_example.dir/home/valentin/.pico-sdk/sdk/2.2.0/src/rp2_common/pico_double/double_aeabi_dcp.S.o
                0x10001bec                __wrap___aeabi_ddiv
 .text.__wrap___aeabi_i2d
                0x10001c80       0x24 CMakeFiles/pico_micro_ros_example.dir/home/valentin/.pico-sdk/sdk/2.2.0/src/rp2_common/pico_double/double_aeabi_dcp.S.o
                0x10001c88                __wrap___aeabi_i2d
                0x10001c88                int2double
 .text.__wrap___aeabi_ui2d
                0x10001ca4       0x24 CMakeFiles/pico_micro_ros_example.dir/home/valentin/.pico-sdk/sdk/2.2.0/src/rp2_common/pico_double/double_aeabi_dcp.S.o
                0x10001cac                __wrap___aeabi_ui2d
                0x10001cac                uint2double
 .text.__wrap___aeabi_d2iz
                0x10001cc8       0x24 CMakeFiles/pico_micro_ros_example.dir/home/valentin/.pico-sdk/sdk/2.2.0/src/rp2_common/pico_double/double_aeabi_dcp.S.o
                0x10001cd0                __wrap___aeabi_d2iz
                0x10001cd0                double2int_z
 .text.__wrap___aeabi_d2uiz
                0x10001cec       0x24 CMakeFiles/pico_micro_ros_example.dir/home/valentin/.pico-sdk/sdk/2.2.0/src/rp2_common/pico_double/double_aeabi_dcp.S.o
                0x10001cf4                double2uint_z
                0x10001cf4                double2uint
                0x10001cf4                __wrap___aeabi_d2uiz
 .text.__wrap___aeabi_dcmpun
                0x10001d10       0x24 CMakeFiles/pico_micro_ros_example.dir/home/valentin/.pico-sdk/sdk/2.2.0/src/rp2_common/pico_double/double_aeabi_dcp.S.o
                0x10001d18                __wrap___aeabi_dcmpun
 .text.__wrap___aeabi_dcmplt
                0x10001d34       0x28 CMakeFiles/pico_micro_ros_example.dir/home/valentin/.pico-sdk/sdk/2.2.0/src/rp2_common/pico_double/double_aeabi_dcp.S.o
                0x10001d3c                __wrap___aeabi_dcmplt
 .text.__wrap___aeabi_dcmple
                0x10001d5c       0x28 CMakeFiles/pico_micro_ros_example.dir/home/valentin/.pico-sdk/sdk/2.2.0/src/rp2_common/pico_double/double_aeabi_dcp.S.o
                0x10001d64                __wrap___aeabi_dcmple
 .text.__wrap___aeabi_dcmpge
                0x10001d84       0x28 CMakeFiles/pico_micro_ros_example.dir/home/valentin/.pico-sdk/sdk/2.2.0/src/rp2_common/pico_double/double_aeabi_dcp.S.o
                0x10001d8c                __wrap___aeabi_dcmpge
 .text.__wrap___aeabi_dcmpgt
                0x10001dac       0x28 CMakeFiles/pico_micro_ros_example.dir/home/valentin/.pico-sdk/sdk/2.2.0/src/rp2_common/pico_double/double_aeabi_dcp.S.o
                0x10001db4                __wrap___aeabi_dcmpgt
 .text.check_alloc
                0x10001dd4       0x20 CMakeFiles/pico_micro_ros_example.dir/home/valentin/.pico-sdk/sdk/2.2.0/src/rp2_common/pico_malloc/malloc.c.o
 .text.__wrap_malloc
                0x10001df4       0x14 CMakeFiles/pico_micro_ros_example.dir/home/valentin/.pico-sdk/sdk/2.2.0/src/rp2_common/pico_malloc/malloc.c.o
                0x10001df4                __wrap_malloc
 .text.__wrap_calloc
                0x10001e08       0x18 CMakeFiles/pico_micro_ros_example.dir/home/valentin/.pico-sdk/sdk/2.2.0/src/rp2_common/pico_malloc/malloc.c.o
                0x10001e08                __wrap_calloc
 .text.__wrap_realloc
                0x10001e20       0x14 CMakeFiles/pico_micro_ros_example.dir/home/valentin/.pico-sdk/sdk/2.2.0/src/rp2_common/pico_malloc/malloc.c.o
                0x10001e20                __wrap_realloc
 .text.__wrap_free
                0x10001e34        0x8 CMakeFiles/pico_micro_ros_example.dir/home/valentin/.pico-sdk/sdk/2.2.0/src/rp2_common/pico_malloc/malloc.c.o
                0x10001e34                __wrap_free
 .text.atomic_lock
                0x10001e3c       0x24 CMakeFiles/pico_micro_ros_example.dir/home/valentin/.pico-sdk/sdk/2.2.0/src/rp2_common/pico_atomic/atomic.c.o
 .text.__atomic_load_8
                0x10001e60       0x20 CMakeFiles/pico_micro_ros_example.dir/home/valentin/.pico-sdk/sdk/2.2.0/src/rp2_common/pico_atomic/atomic.c.o
                0x10001e60                __atomic_load_8
 .text.__atomic_store_8
                0x10001e80       0x24 CMakeFiles/pico_micro_ros_example.dir/home/valentin/.pico-sdk/sdk/2.2.0/src/rp2_common/pico_atomic/atomic.c.o
                0x10001e80                __atomic_store_8
 .text.__atomic_exchange_8
                0x10001ea4       0x28 CMakeFiles/pico_micro_ros_example.dir/home/valentin/.pico-sdk/sdk/2.2.0/src/rp2_common/pico_atomic/atomic.c.o
                0x10001ea4                __atomic_exchange_8
 .text._out_buffer
                0x10001ecc        0x8 CMakeFiles/pico_micro_ros_example.dir/home/valentin/.pico-sdk/sdk/2.2.0/src/rp2_common/pico_printf/printf.c.o
 .text._out_null
                0x10001ed4        0x2 CMakeFiles/pico_micro_ros_example.dir/home/valentin/.pico-sdk/sdk/2.2.0/src/rp2_common/pico_printf/printf.c.o
 .text._out_fct
                0x10001ed6        0xe CMakeFiles/pico_micro_ros_example.dir/home/valentin/.pico-sdk/sdk/2.2.0/src/rp2_common/pico_printf/printf.c.o
 .text._atoi    0x10001ee4       0x26 CMakeFiles/pico_micro_ros_example.dir/home/valentin/.pico-sdk/sdk/2.2.0/src/rp2_common/pico_printf/printf.c.o
 .text._out_rev
                0x10001f0a       0x7e CMakeFiles/pico_micro_ros_example.dir/home/valentin/.pico-sdk/sdk/2.2.0/src/rp2_common/pico_printf/printf.c.o
 .text._ntoa_format
                0x10001f88      0x134 CMakeFiles/pico_micro_ros_example.dir/home/valentin/.pico-sdk/sdk/2.2.0/src/rp2_common/pico_printf/printf.c.o
 .text._ntoa_long
                0x100020bc       0x94 CMakeFiles/pico_micro_ros_example.dir/home/valentin/.pico-sdk/sdk/2.2.0/src/rp2_common/pico_printf/printf.c.o
 .text._ntoa_long_long
                0x10002150       0xc2 CMakeFiles/pico_micro_ros_example.dir/home/valentin/.pico-sdk/sdk/2.2.0/src/rp2_common/pico_printf/printf.c.o
 *fill*         0x10002212        0x6 
 .text._etoa    0x10002218      0x420 CMakeFiles/pico_micro_ros_example.dir/home/valentin/.pico-sdk/sdk/2.2.0/src/rp2_common/pico_printf/printf.c.o
 .text._ftoa    0x10002638      0x398 CMakeFiles/pico_micro_ros_example.dir/home/valentin/.pico-sdk/sdk/2.2.0/src/rp2_common/pico_printf/printf.c.o
 .text._vsnprintf
                0x100029d0      0x6d8 CMakeFiles/pico_micro_ros_example.dir/home/valentin/.pico-sdk/sdk/2.2.0/src/rp2_common/pico_printf/printf.c.o
 .text.__wrap_snprintf
                0x100030a8       0x28 CMakeFiles/pico_micro_ros_example.dir/home/valentin/.pico-sdk/sdk/2.2.0/src/rp2_common/pico_printf/printf.c.o
                0x100030a8                __wrap_snprintf
 .text.__wrap_vsnprintf
                0x100030d0       0x1c CMakeFiles/pico_micro_ros_example.dir/home/valentin/.pico-sdk/sdk/2.2.0/src/rp2_common/pico_printf/printf.c.o
                0x100030d0                __wrap_vsnprintf
 .text.vfctprintf
                0x100030ec       0x24 CMakeFiles/pico_micro_ros_example.dir/home/valentin/.pico-sdk/sdk/2.2.0/src/rp2_common/pico_printf/printf.c.o
                0x100030ec                vfctprintf
 .text._exit    0x10003110        0x4 CMakeFiles/pico_micro_ros_example.dir/home/valentin/.pico-sdk/sdk/2.2.0/src/rp2_common/pico_clib_interface/newlib_interface.c.o
                0x10003110                _exit
 .text._sbrk    0x10003114       0x34 CMakeFiles/pico_micro_ros_example.dir/home/valentin/.pico-sdk/sdk/2.2.0/src/rp2_common/pico_clib_interface/newlib_interface.c.o
                0x10003114                _sbrk
 .text.exit     0x10003148        0x6 CMakeFiles/pico_micro_ros_example.dir/home/valentin/.pico-sdk/sdk/2.2.0/src/rp2_common/pico_clib_interface/newlib_interface.c.o
                0x10003148                exit
 *fill*         0x1000314e        0x2 
 .text.__assert_func
                0x10003150       0x34 CMakeFiles/pico_micro_ros_example.dir/home/valentin/.pico-sdk/sdk/2.2.0/src/rp2_common/pico_clib_interface/newlib_interface.c.o
                0x10003150                __assert_func
 .text.runtime_init
                0x10003184       0x2c CMakeFiles/pico_micro_ros_example.dir/home/valentin/.pico-sdk/sdk/2.2.0/src/rp2_common/pico_clib_interface/newlib_interface.c.o
                0x10003184                runtime_init
 .text.stdio_out_chars_no_crlf
                0x100031b0        0xe CMakeFiles/pico_micro_ros_example.dir/home/valentin/.pico-sdk/sdk/2.2.0/src/rp2_common/pico_stdio/stdio.c.o
 *fill*         0x100031be        0x2 
 .text.stdio_out_chars_crlf
                0x100031c0       0x80 CMakeFiles/pico_micro_ros_example.dir/home/valentin/.pico-sdk/sdk/2.2.0/src/rp2_common/pico_stdio/stdio.c.o
 .text.stdio_stack_buffer_flush
                0x10003240       0x40 CMakeFiles/pico_micro_ros_example.dir/home/valentin/.pico-sdk/sdk/2.2.0/src/rp2_common/pico_stdio/stdio.c.o
 .text.stdio_buffered_printer
                0x10003280       0x20 CMakeFiles/pico_micro_ros_example.dir/home/valentin/.pico-sdk/sdk/2.2.0/src/rp2_common/pico_stdio/stdio.c.o
 .text.stdout_serialize_begin
                0x100032a0       0x2c CMakeFiles/pico_micro_ros_example.dir/home/valentin/.pico-sdk/sdk/2.2.0/src/rp2_common/pico_stdio/stdio.c.o
                0x100032a0                stdout_serialize_begin
 .text.stdout_serialize_end
                0x100032cc       0x10 CMakeFiles/pico_micro_ros_example.dir/home/valentin/.pico-sdk/sdk/2.2.0/src/rp2_common/pico_stdio/stdio.c.o
                0x100032cc                stdout_serialize_end
 .text.stdio_put_string
                0x100032dc       0x8c CMakeFiles/pico_micro_ros_example.dir/home/valentin/.pico-sdk/sdk/2.2.0/src/rp2_common/pico_stdio/stdio.c.o
                0x100032dc                stdio_put_string
 .text.stdio_flush
                0x10003368       0x1c CMakeFiles/pico_micro_ros_example.dir/home/valentin/.pico-sdk/sdk/2.2.0/src/rp2_common/pico_stdio/stdio.c.o
                0x10003368                stdio_flush
 .text.stdio_init_all
                0x10003384        0x4 CMakeFiles/pico_micro_ros_example.dir/home/valentin/.pico-sdk/sdk/2.2.0/src/rp2_common/pico_stdio/stdio.c.o
                0x10003384                stdio_init_all
 .text.__wrap_puts
                0x10003388       0x1e CMakeFiles/pico_micro_ros_example.dir/home/valentin/.pico-sdk/sdk/2.2.0/src/rp2_common/pico_stdio/stdio.c.o
                0x10003388                __wrap_puts
                0x10003388                stdio_puts
 *fill*         0x100033a6        0x2 
 .text.__wrap_vprintf
                0x100033a8       0x40 CMakeFiles/pico_micro_ros_example.dir/home/valentin/.pico-sdk/sdk/2.2.0/src/rp2_common/pico_stdio/stdio.c.o
                0x100033a8                __wrap_vprintf
                0x100033a8                stdio_vprintf
 .text.__wrap_printf
                0x100033e8       0x1c CMakeFiles/pico_micro_ros_example.dir/home/valentin/.pico-sdk/sdk/2.2.0/src/rp2_common/pico_stdio/stdio.c.o
                0x100033e8                stdio_printf
                0x100033e8                __wrap_printf
 .text.pio_get_default_sm_config
                0x10003404       0x24 CMakeFiles/pico_micro_ros_example.dir/home/valentin/.pico-sdk/sdk/2.2.0/src/rp2_common/hardware_pio/pio.c.o
 .text.is_gpio_compatible
                0x10003428       0x22 CMakeFiles/pico_micro_ros_example.dir/home/valentin/.pico-sdk/sdk/2.2.0/src/rp2_common/hardware_pio/pio.c.o
 .text.is_program_gpio_compatible
                0x1000344a        0xa CMakeFiles/pico_micro_ros_example.dir/home/valentin/.pico-sdk/sdk/2.2.0/src/rp2_common/hardware_pio/pio.c.o
 .text.add_program_at_offset_check
                0x10003454       0x54 CMakeFiles/pico_micro_ros_example.dir/home/valentin/.pico-sdk/sdk/2.2.0/src/rp2_common/hardware_pio/pio.c.o
 .text.add_program_at_offset
                0x100034a8       0x60 CMakeFiles/pico_micro_ros_example.dir/home/valentin/.pico-sdk/sdk/2.2.0/src/rp2_common/hardware_pio/pio.c.o
 .text.find_offset_for_program
                0x10003508       0x78 CMakeFiles/pico_micro_ros_example.dir/home/valentin/.pico-sdk/sdk/2.2.0/src/rp2_common/hardware_pio/pio.c.o
 .text.pio_add_program
                0x10003580       0x30 CMakeFiles/pico_micro_ros_example.dir/home/valentin/.pico-sdk/sdk/2.2.0/src/rp2_common/hardware_pio/pio.c.o
                0x10003580                pio_add_program
 .text.pio_sm_set_consecutive_pindirs
                0x100035b0       0x9e CMakeFiles/pico_micro_ros_example.dir/home/valentin/.pico-sdk/sdk/2.2.0/src/rp2_common/hardware_pio/pio.c.o
                0x100035b0                pio_sm_set_consecutive_pindirs
 .text.pio_sm_init
                0x1000364e       0xac CMakeFiles/pico_micro_ros_example.dir/home/valentin/.pico-sdk/sdk/2.2.0/src/rp2_common/hardware_pio/pio.c.o
                0x1000364e                pio_sm_init
 *fill*         0x100036fa        0x2 
 .text.rcl_get_zero_initialized_publisher
                0x100036fc        0xc /home/valentin/Documents/micro_ros_raspberrypi_pico_sdk-jazzy/libmicroros/libmicroros.a(librcl-publisher.c.obj)
                0x100036fc                rcl_get_zero_initialized_publisher
 .text.rcl_publisher_init
                0x10003708      0x13c /home/valentin/Documents/micro_ros_raspberrypi_pico_sdk-jazzy/libmicroros/libmicroros.a(librcl-publisher.c.obj)
                0x10003708                rcl_publisher_init
 .text.rcl_publisher_get_default_options
                0x10003844       0x74 /home/valentin/Documents/micro_ros_raspberrypi_pico_sdk-jazzy/libmicroros/libmicroros.a(librcl-publisher.c.obj)
                0x10003844                rcl_publisher_get_default_options
 .text.rcl_publish
                0x100038b8       0x4c /home/valentin/Documents/micro_ros_raspberrypi_pico_sdk-jazzy/libmicroros/libmicroros.a(librcl-publisher.c.obj)
                0x100038b8                rcl_publish
 .text.rcl_publisher_is_valid
                0x10003904       0x30 /home/valentin/Documents/micro_ros_raspberrypi_pico_sdk-jazzy/libmicroros/libmicroros.a(librcl-publisher.c.obj)
                0x10003904                rcl_publisher_is_valid
 .text.rcl_publisher_is_valid_except_context
                0x10003934       0x1c /home/valentin/Documents/micro_ros_raspberrypi_pico_sdk-jazzy/libmicroros/libmicroros.a(librcl-publisher.c.obj)
                0x10003934                rcl_publisher_is_valid_except_context
 .text._rclc_check_for_new_data
                0x10003950       0x94 /home/valentin/Documents/micro_ros_raspberrypi_pico_sdk-jazzy/libmicroros/libmicroros.a(librclc-executor.c.obj)
 .text._rclc_take_new_data
                0x100039e4      0x2dc /home/valentin/Documents/micro_ros_raspberrypi_pico_sdk-jazzy/libmicroros/libmicroros.a(librclc-executor.c.obj)
 .text.rclc_executor_trigger_any
                0x10003cc0       0x6c /home/valentin/Documents/micro_ros_raspberrypi_pico_sdk-jazzy/libmicroros/libmicroros.a(librclc-executor.c.obj)
                0x10003cc0                rclc_executor_trigger_any
 .text._rclc_execute
                0x10003d2c      0x300 /home/valentin/Documents/micro_ros_raspberrypi_pico_sdk-jazzy/libmicroros/libmicroros.a(librclc-executor.c.obj)
 .text.rclc_executor_init
                0x1000402c       0xc0 /home/valentin/Documents/micro_ros_raspberrypi_pico_sdk-jazzy/libmicroros/libmicroros.a(librclc-executor.c.obj)
                0x1000402c                rclc_executor_init
 .text.rclc_executor_add_subscription
                0x100040ec       0x74 /home/valentin/Documents/micro_ros_raspberrypi_pico_sdk-jazzy/libmicroros/libmicroros.a(librclc-executor.c.obj)
                0x100040ec                rclc_executor_add_subscription
 .text.rclc_executor_add_timer
                0x10004160       0x54 /home/valentin/Documents/micro_ros_raspberrypi_pico_sdk-jazzy/libmicroros/libmicroros.a(librclc-executor.c.obj)
                0x10004160                rclc_executor_add_timer
 .text.rclc_executor_prepare
                0x100041b4       0x8c /home/valentin/Documents/micro_ros_raspberrypi_pico_sdk-jazzy/libmicroros/libmicroros.a(librclc-executor.c.obj)
                0x100041b4                rclc_executor_prepare
 .text.rclc_executor_spin_some
                0x10004240      0x2d0 /home/valentin/Documents/micro_ros_raspberrypi_pico_sdk-jazzy/libmicroros/libmicroros.a(librclc-executor.c.obj)
                0x10004240                rclc_executor_spin_some
 .text.rclc_executor_handle_counters_zero_init
                0x10004510       0x18 /home/valentin/Documents/micro_ros_raspberrypi_pico_sdk-jazzy/libmicroros/libmicroros.a(librclc-executor_handle.c.obj)
                0x10004510                rclc_executor_handle_counters_zero_init
 .text.rclc_executor_handle_init
                0x10004528       0x20 /home/valentin/Documents/micro_ros_raspberrypi_pico_sdk-jazzy/libmicroros/libmicroros.a(librclc-executor_handle.c.obj)
                0x10004528                rclc_executor_handle_init
 .text.rclc_support_init
                0x10004548       0x94 /home/valentin/Documents/micro_ros_raspberrypi_pico_sdk-jazzy/libmicroros/libmicroros.a(librclc-init.c.obj)
                0x10004548                rclc_support_init
 .text.rclc_node_init_default
                0x100045dc       0x74 /home/valentin/Documents/micro_ros_raspberrypi_pico_sdk-jazzy/libmicroros/libmicroros.a(librclc-node.c.obj)
                0x100045dc                rclc_node_init_default
 .text.rclc_publisher_init_default
                0x10004650       0x68 /home/valentin/Documents/micro_ros_raspberrypi_pico_sdk-jazzy/libmicroros/libmicroros.a(librclc-publisher.c.obj)
                0x10004650                rclc_publisher_init_default
 .text.rclc_subscription_init_default
                0x100046b8       0x68 /home/valentin/Documents/micro_ros_raspberrypi_pico_sdk-jazzy/libmicroros/libmicroros.a(librclc-subscription.c.obj)
                0x100046b8                rclc_subscription_init_default
 .text.rclc_timer_init_default
                0x10004720       0x64 /home/valentin/Documents/micro_ros_raspberrypi_pico_sdk-jazzy/libmicroros/libmicroros.a(librclc-timer.c.obj)
                0x10004720                rclc_timer_init_default
 .text.__default_zero_allocate
                0x10004784        0x8 /home/valentin/Documents/micro_ros_raspberrypi_pico_sdk-jazzy/libmicroros/libmicroros.a(librcutils-allocator.c.obj)
 .text.__default_reallocate
                0x1000478c        0x8 /home/valentin/Documents/micro_ros_raspberrypi_pico_sdk-jazzy/libmicroros/libmicroros.a(librcutils-allocator.c.obj)
 .text.__default_deallocate
                0x10004794        0x8 /home/valentin/Documents/micro_ros_raspberrypi_pico_sdk-jazzy/libmicroros/libmicroros.a(librcutils-allocator.c.obj)
 .text.__default_allocate
                0x1000479c        0x8 /home/valentin/Documents/micro_ros_raspberrypi_pico_sdk-jazzy/libmicroros/libmicroros.a(librcutils-allocator.c.obj)
 .text.rcutils_get_zero_initialized_allocator
                0x100047a4       0x14 /home/valentin/Documents/micro_ros_raspberrypi_pico_sdk-jazzy/libmicroros/libmicroros.a(librcutils-allocator.c.obj)
                0x100047a4                rcutils_get_zero_initialized_allocator
 .text.rcutils_get_default_allocator
                0x100047b8       0x14 /home/valentin/Documents/micro_ros_raspberrypi_pico_sdk-jazzy/libmicroros/libmicroros.a(librcutils-allocator.c.obj)
                0x100047b8                rcutils_get_default_allocator
 .text.rcutils_allocator_is_valid
                0x100047cc       0x24 /home/valentin/Documents/micro_ros_raspberrypi_pico_sdk-jazzy/libmicroros/libmicroros.a(librcutils-allocator.c.obj)
                0x100047cc                rcutils_allocator_is_valid
 .text.rcutils_get_error_string
                0x100047f0       0x34 /home/valentin/Documents/micro_ros_raspberrypi_pico_sdk-jazzy/libmicroros/libmicroros.a(librcutils-error_handling.c.obj)
                0x100047f0                rcutils_get_error_string
 .text.rcutils_reset_error
                0x10004824       0x38 /home/valentin/Documents/micro_ros_raspberrypi_pico_sdk-jazzy/libmicroros/libmicroros.a(librcutils-error_handling.c.obj)
                0x10004824                rcutils_reset_error
 .text.rcutils_system_time_now
                0x1000485c       0x58 /home/valentin/Documents/micro_ros_raspberrypi_pico_sdk-jazzy/libmicroros/libmicroros.a(librcutils-time_unix.c.obj)
                0x1000485c                rcutils_system_time_now
 .text.rcutils_steady_time_now
                0x100048b4       0x58 /home/valentin/Documents/micro_ros_raspberrypi_pico_sdk-jazzy/libmicroros/libmicroros.a(librcutils-time_unix.c.obj)
                0x100048b4                rcutils_steady_time_now
 .text.rmw_get_default_publisher_options
                0x1000490c        0x8 /home/valentin/Documents/micro_ros_raspberrypi_pico_sdk-jazzy/libmicroros/libmicroros.a(librmw-publisher_options.c.obj)
                0x1000490c                rmw_get_default_publisher_options
 .text.rmw_uros_set_custom_transport
                0x10004914       0x34 /home/valentin/Documents/micro_ros_raspberrypi_pico_sdk-jazzy/libmicroros/libmicroros.a(librmw_microxrcedds-custom_transport.c.obj)
                0x10004914                rmw_uros_set_custom_transport
 .text.rmw_uros_ping_agent
                0x10004948       0xa0 /home/valentin/Documents/micro_ros_raspberrypi_pico_sdk-jazzy/libmicroros/libmicroros.a(librmw_microxrcedds-ping.c.obj)
                0x10004948                rmw_uros_ping_agent
 .text.flush_session
                0x100049e8        0xc /home/valentin/Documents/micro_ros_raspberrypi_pico_sdk-jazzy/libmicroros/libmicroros.a(librmw_microxrcedds-rmw_publish.c.obj)
                0x100049e8                flush_session
 .text.rmw_publish
                0x100049f4       0xd0 /home/valentin/Documents/micro_ros_raspberrypi_pico_sdk-jazzy/libmicroros/libmicroros.a(librmw_microxrcedds-rmw_publish.c.obj)
                0x100049f4                rmw_publish
 .text.rmw_create_publisher
                0x10004ac4      0x204 /home/valentin/Documents/micro_ros_raspberrypi_pico_sdk-jazzy/libmicroros/libmicroros.a(librmw_microxrcedds-rmw_publisher.c.obj)
                0x10004ac4                rmw_create_publisher
 .text.rmw_publisher_get_actual_qos
                0x10004cc8       0x20 /home/valentin/Documents/micro_ros_raspberrypi_pico_sdk-jazzy/libmicroros/libmicroros.a(librmw_microxrcedds-rmw_publisher.c.obj)
                0x10004cc8                rmw_publisher_get_actual_qos
 .text.rmw_destroy_publisher
                0x10004ce8       0xe4 /home/valentin/Documents/micro_ros_raspberrypi_pico_sdk-jazzy/libmicroros/libmicroros.a(librmw_microxrcedds-rmw_publisher.c.obj)
                0x10004ce8                rmw_destroy_publisher
 .text.rmw_uxrce_transport_init
                0x10004dcc       0x2c /home/valentin/Documents/micro_ros_raspberrypi_pico_sdk-jazzy/libmicroros/libmicroros.a(librmw_microxrcedds-rmw_uxrce_transports.c.obj)
                0x10004dcc                rmw_uxrce_transport_init
 .text.rmw_uxrce_init_service_memory
                0x10004df8       0x48 /home/valentin/Documents/micro_ros_raspberrypi_pico_sdk-jazzy/libmicroros/libmicroros.a(librmw_microxrcedds-types.c.obj)
                0x10004df8                rmw_uxrce_init_service_memory
 .text.rmw_uxrce_init_client_memory
                0x10004e40       0x48 /home/valentin/Documents/micro_ros_raspberrypi_pico_sdk-jazzy/libmicroros/libmicroros.a(librmw_microxrcedds-types.c.obj)
                0x10004e40                rmw_uxrce_init_client_memory
 .text.rmw_uxrce_init_publisher_memory
                0x10004e88       0x48 /home/valentin/Documents/micro_ros_raspberrypi_pico_sdk-jazzy/libmicroros/libmicroros.a(librmw_microxrcedds-types.c.obj)
                0x10004e88                rmw_uxrce_init_publisher_memory
 .text.rmw_uxrce_init_subscription_memory
                0x10004ed0       0x48 /home/valentin/Documents/micro_ros_raspberrypi_pico_sdk-jazzy/libmicroros/libmicroros.a(librmw_microxrcedds-types.c.obj)
                0x10004ed0                rmw_uxrce_init_subscription_memory
 .text.rmw_uxrce_init_node_memory
                0x10004f18       0x48 /home/valentin/Documents/micro_ros_raspberrypi_pico_sdk-jazzy/libmicroros/libmicroros.a(librmw_microxrcedds-types.c.obj)
                0x10004f18                rmw_uxrce_init_node_memory
 .text.rmw_uxrce_init_session_memory
                0x10004f60       0x50 /home/valentin/Documents/micro_ros_raspberrypi_pico_sdk-jazzy/libmicroros/libmicroros.a(librmw_microxrcedds-types.c.obj)
                0x10004f60                rmw_uxrce_init_session_memory
 .text.rmw_uxrce_init_topic_memory
                0x10004fb0       0x48 /home/valentin/Documents/micro_ros_raspberrypi_pico_sdk-jazzy/libmicroros/libmicroros.a(librmw_microxrcedds-types.c.obj)
                0x10004fb0                rmw_uxrce_init_topic_memory
 .text.rmw_uxrce_init_static_input_buffer_memory
                0x10004ff8       0x50 /home/valentin/Documents/micro_ros_raspberrypi_pico_sdk-jazzy/libmicroros/libmicroros.a(librmw_microxrcedds-types.c.obj)
                0x10004ff8                rmw_uxrce_init_static_input_buffer_memory
 .text.rmw_uxrce_init_init_options_impl_memory
                0x10005048       0x48 /home/valentin/Documents/micro_ros_raspberrypi_pico_sdk-jazzy/libmicroros/libmicroros.a(librmw_microxrcedds-types.c.obj)
                0x10005048                rmw_uxrce_init_init_options_impl_memory
 .text.rmw_uxrce_init_wait_set_memory
                0x10005090       0x48 /home/valentin/Documents/micro_ros_raspberrypi_pico_sdk-jazzy/libmicroros/libmicroros.a(librmw_microxrcedds-types.c.obj)
                0x10005090                rmw_uxrce_init_wait_set_memory
 .text.rmw_uxrce_init_guard_condition_memory
                0x100050d8       0x48 /home/valentin/Documents/micro_ros_raspberrypi_pico_sdk-jazzy/libmicroros/libmicroros.a(librmw_microxrcedds-types.c.obj)
                0x100050d8                rmw_uxrce_init_guard_condition_memory
 .text.rmw_uxrce_fini_session_memory
                0x10005120       0x14 /home/valentin/Documents/micro_ros_raspberrypi_pico_sdk-jazzy/libmicroros/libmicroros.a(librmw_microxrcedds-types.c.obj)
                0x10005120                rmw_uxrce_fini_session_memory
 .text.rmw_uxrce_fini_node_memory
                0x10005134       0x34 /home/valentin/Documents/micro_ros_raspberrypi_pico_sdk-jazzy/libmicroros/libmicroros.a(librmw_microxrcedds-types.c.obj)
                0x10005134                rmw_uxrce_fini_node_memory
 .text.rmw_uxrce_fini_publisher_memory
                0x10005168       0x34 /home/valentin/Documents/micro_ros_raspberrypi_pico_sdk-jazzy/libmicroros/libmicroros.a(librmw_microxrcedds-types.c.obj)
                0x10005168                rmw_uxrce_fini_publisher_memory
 .text.rmw_uxrce_fini_subscription_memory
                0x1000519c       0x34 /home/valentin/Documents/micro_ros_raspberrypi_pico_sdk-jazzy/libmicroros/libmicroros.a(librmw_microxrcedds-types.c.obj)
                0x1000519c                rmw_uxrce_fini_subscription_memory
 .text.rmw_uxrce_fini_service_memory
                0x100051d0       0x34 /home/valentin/Documents/micro_ros_raspberrypi_pico_sdk-jazzy/libmicroros/libmicroros.a(librmw_microxrcedds-types.c.obj)
                0x100051d0                rmw_uxrce_fini_service_memory
 .text.rmw_uxrce_fini_client_memory
                0x10005204       0x34 /home/valentin/Documents/micro_ros_raspberrypi_pico_sdk-jazzy/libmicroros/libmicroros.a(librmw_microxrcedds-types.c.obj)
                0x10005204                rmw_uxrce_fini_client_memory
 .text.rmw_uxrce_fini_topic_memory
                0x10005238       0x18 /home/valentin/Documents/micro_ros_raspberrypi_pico_sdk-jazzy/libmicroros/libmicroros.a(librmw_microxrcedds-types.c.obj)
                0x10005238                rmw_uxrce_fini_topic_memory
 .text.rmw_uxrce_get_static_input_buffer_for_entity
                0x10005250       0xb4 /home/valentin/Documents/micro_ros_raspberrypi_pico_sdk-jazzy/libmicroros/libmicroros.a(librmw_microxrcedds-types.c.obj)
                0x10005250                rmw_uxrce_get_static_input_buffer_for_entity
 .text.rmw_uxrce_find_static_input_buffer_by_owner
                0x10005304       0x5c /home/valentin/Documents/micro_ros_raspberrypi_pico_sdk-jazzy/libmicroros/libmicroros.a(librmw_microxrcedds-types.c.obj)
                0x10005304                rmw_uxrce_find_static_input_buffer_by_owner
 .text.rmw_uxrce_clean_expired_static_input_buffer
                0x10005360      0x108 /home/valentin/Documents/micro_ros_raspberrypi_pico_sdk-jazzy/libmicroros/libmicroros.a(librmw_microxrcedds-types.c.obj)
                0x10005360                rmw_uxrce_clean_expired_static_input_buffer
 .text.run_xrce_session
                0x10005468       0x44 /home/valentin/Documents/micro_ros_raspberrypi_pico_sdk-jazzy/libmicroros/libmicroros.a(librmw_microxrcedds-utils.c.obj)
                0x10005468                run_xrce_session
 .text.convert_qos_profile
                0x100054ac       0x28 /home/valentin/Documents/micro_ros_raspberrypi_pico_sdk-jazzy/libmicroros/libmicroros.a(librmw_microxrcedds-utils.c.obj)
                0x100054ac                convert_qos_profile
 .text.generate_type_name
                0x100054d4       0x68 /home/valentin/Documents/micro_ros_raspberrypi_pico_sdk-jazzy/libmicroros/libmicroros.a(librmw_microxrcedds-utils.c.obj)
                0x100054d4                generate_type_name
 .text.generate_topic_name
                0x1000553c       0x38 /home/valentin/Documents/micro_ros_raspberrypi_pico_sdk-jazzy/libmicroros/libmicroros.a(librmw_microxrcedds-utils.c.obj)
                0x1000553c                generate_topic_name
 .text.is_uxrce_rmw_identifier_valid
                0x10005574       0x20 /home/valentin/Documents/micro_ros_raspberrypi_pico_sdk-jazzy/libmicroros/libmicroros.a(librmw_microxrcedds-utils.c.obj)
                0x10005574                is_uxrce_rmw_identifier_valid
 .text.get_message_typesupport_handle
                0x10005594        0x8 /home/valentin/Documents/micro_ros_raspberrypi_pico_sdk-jazzy/libmicroros/libmicroros.a(librosidl_runtime_c-message_type_support.c.obj)
                0x10005594                get_message_typesupport_handle
 .text.get_message_typesupport_handle_function
                0x1000559c       0x18 /home/valentin/Documents/micro_ros_raspberrypi_pico_sdk-jazzy/libmicroros/libmicroros.a(librosidl_runtime_c-message_type_support.c.obj)
                0x1000559c                get_message_typesupport_handle_function
 .text.rosidl_typesupport_c__get_message_type_support_handle__std_msgs__msg__Int32
                0x100055b4       0x1c /home/valentin/Documents/micro_ros_raspberrypi_pico_sdk-jazzy/libmicroros/libmicroros.a(libstd_msgs__rosidl_typesupport_c-int32__type_support.cpp.obj)
                0x100055b4                rosidl_typesupport_c__get_message_type_support_handle__std_msgs__msg__Int32
 .text.startup._GLOBAL__sub_I_rosidl_typesupport_c__get_message_type_support_handle__std_msgs__msg__Int32
                0x100055d0       0x14 /home/valentin/Documents/micro_ros_raspberrypi_pico_sdk-jazzy/libmicroros/libmicroros.a(libstd_msgs__rosidl_typesupport_c-int32__type_support.cpp.obj)
 .text.std_msgs__msg__Int32__rosidl_typesupport_introspection_c__Int32_init_function
                0x100055e4        0x8 /home/valentin/Documents/micro_ros_raspberrypi_pico_sdk-jazzy/libmicroros/libmicroros.a(libstd_msgs__rosidl_typesupport_introspection_c-int32__type_support.c.obj)
                0x100055e4                std_msgs__msg__Int32__rosidl_typesupport_introspection_c__Int32_init_function
 .text.std_msgs__msg__Int32__rosidl_typesupport_introspection_c__Int32_fini_function
                0x100055ec        0x8 /home/valentin/Documents/micro_ros_raspberrypi_pico_sdk-jazzy/libmicroros/libmicroros.a(libstd_msgs__rosidl_typesupport_introspection_c-int32__type_support.c.obj)
                0x100055ec                std_msgs__msg__Int32__rosidl_typesupport_introspection_c__Int32_fini_function
 .text.rosidl_typesupport_introspection_c__get_message_type_support_handle__std_msgs__msg__Int32
                0x100055f4       0x1c /home/valentin/Documents/micro_ros_raspberrypi_pico_sdk-jazzy/libmicroros/libmicroros.a(libstd_msgs__rosidl_typesupport_introspection_c-int32__type_support.c.obj)
                0x100055f4                rosidl_typesupport_introspection_c__get_message_type_support_handle__std_msgs__msg__Int32
 .text._Int32__max_serialized_size
                0x10005610       0x10 /home/valentin/Documents/micro_ros_raspberrypi_pico_sdk-jazzy/libmicroros/libmicroros.a(libstd_msgs__rosidl_typesupport_microxrcedds_c-int32__type_support_c.c.obj)
 .text._Int32__cdr_deserialize
                0x10005620       0x10 /home/valentin/Documents/micro_ros_raspberrypi_pico_sdk-jazzy/libmicroros/libmicroros.a(libstd_msgs__rosidl_typesupport_microxrcedds_c-int32__type_support_c.c.obj)
 .text.get_serialized_size_std_msgs__msg__Int32
                0x10005630       0x18 /home/valentin/Documents/micro_ros_raspberrypi_pico_sdk-jazzy/libmicroros/libmicroros.a(libstd_msgs__rosidl_typesupport_microxrcedds_c-int32__type_support_c.c.obj)
                0x10005630                get_serialized_size_std_msgs__msg__Int32
 .text._Int32__cdr_serialize
                0x10005648       0x18 /home/valentin/Documents/micro_ros_raspberrypi_pico_sdk-jazzy/libmicroros/libmicroros.a(libstd_msgs__rosidl_typesupport_microxrcedds_c-int32__type_support_c.c.obj)
 .text._Int32__get_serialized_size
                0x10005660       0x18 /home/valentin/Documents/micro_ros_raspberrypi_pico_sdk-jazzy/libmicroros/libmicroros.a(libstd_msgs__rosidl_typesupport_microxrcedds_c-int32__type_support_c.c.obj)
 .text.rosidl_typesupport_microxrcedds_c__get_message_type_support_handle__std_msgs__msg__Int32
                0x10005678        0x8 /home/valentin/Documents/micro_ros_raspberrypi_pico_sdk-jazzy/libmicroros/libmicroros.a(libstd_msgs__rosidl_typesupport_microxrcedds_c-int32__type_support_c.c.obj)
                0x10005678                rosidl_typesupport_microxrcedds_c__get_message_type_support_handle__std_msgs__msg__Int32
 .text.ucdr_serialize_bool
                0x10005680       0x2c /home/valentin/Documents/micro_ros_raspberrypi_pico_sdk-jazzy/libmicroros/libmicroros.a(libmicrocdr-basic.c.obj)
                0x10005680                ucdr_serialize_bool
 .text.ucdr_deserialize_bool
                0x100056ac       0x30 /home/valentin/Documents/micro_ros_raspberrypi_pico_sdk-jazzy/libmicroros/libmicroros.a(libmicrocdr-basic.c.obj)
                0x100056ac                ucdr_deserialize_bool
 .text.ucdr_serialize_uint8_t
                0x100056dc       0x2c /home/valentin/Documents/micro_ros_raspberrypi_pico_sdk-jazzy/libmicroros/libmicroros.a(libmicrocdr-basic.c.obj)
                0x100056dc                ucdr_serialize_uint8_t
 .text.ucdr_deserialize_uint8_t
                0x10005708       0x30 /home/valentin/Documents/micro_ros_raspberrypi_pico_sdk-jazzy/libmicroros/libmicroros.a(libmicrocdr-basic.c.obj)
                0x10005708                ucdr_deserialize_uint8_t
 .text.ucdr_serialize_uint16_t
                0x10005738       0xe8 /home/valentin/Documents/micro_ros_raspberrypi_pico_sdk-jazzy/libmicroros/libmicroros.a(libmicrocdr-basic.c.obj)
                0x10005738                ucdr_serialize_uint16_t
 .text.ucdr_serialize_endian_uint16_t
                0x10005820       0xf0 /home/valentin/Documents/micro_ros_raspberrypi_pico_sdk-jazzy/libmicroros/libmicroros.a(libmicrocdr-basic.c.obj)
                0x10005820                ucdr_serialize_endian_uint16_t
 .text.ucdr_deserialize_uint16_t
                0x10005910       0xe0 /home/valentin/Documents/micro_ros_raspberrypi_pico_sdk-jazzy/libmicroros/libmicroros.a(libmicrocdr-basic.c.obj)
                0x10005910                ucdr_deserialize_uint16_t
 .text.ucdr_deserialize_endian_uint16_t
                0x100059f0       0xe8 /home/valentin/Documents/micro_ros_raspberrypi_pico_sdk-jazzy/libmicroros/libmicroros.a(libmicrocdr-basic.c.obj)
                0x100059f0                ucdr_deserialize_endian_uint16_t
 .text.ucdr_serialize_uint32_t
                0x10005ad8      0x110 /home/valentin/Documents/micro_ros_raspberrypi_pico_sdk-jazzy/libmicroros/libmicroros.a(libmicrocdr-basic.c.obj)
                0x10005ad8                ucdr_serialize_uint32_t
 .text.ucdr_serialize_endian_uint32_t
                0x10005be8      0x110 /home/valentin/Documents/micro_ros_raspberrypi_pico_sdk-jazzy/libmicroros/libmicroros.a(libmicrocdr-basic.c.obj)
                0x10005be8                ucdr_serialize_endian_uint32_t
 .text.ucdr_deserialize_uint32_t
                0x10005cf8      0x108 /home/valentin/Documents/micro_ros_raspberrypi_pico_sdk-jazzy/libmicroros/libmicroros.a(libmicrocdr-basic.c.obj)
                0x10005cf8                ucdr_deserialize_uint32_t
 .text.ucdr_deserialize_endian_uint32_t
                0x10005e00      0x118 /home/valentin/Documents/micro_ros_raspberrypi_pico_sdk-jazzy/libmicroros/libmicroros.a(libmicrocdr-basic.c.obj)
                0x10005e00                ucdr_deserialize_endian_uint32_t
 .text.ucdr_serialize_uint64_t
                0x10005f18      0x160 /home/valentin/Documents/micro_ros_raspberrypi_pico_sdk-jazzy/libmicroros/libmicroros.a(libmicrocdr-basic.c.obj)
                0x10005f18                ucdr_serialize_uint64_t
 .text.ucdr_serialize_int16_t
                0x10006078       0xe8 /home/valentin/Documents/micro_ros_raspberrypi_pico_sdk-jazzy/libmicroros/libmicroros.a(libmicrocdr-basic.c.obj)
                0x10006078                ucdr_serialize_int16_t
 .text.ucdr_deserialize_int16_t
                0x10006160       0xe0 /home/valentin/Documents/micro_ros_raspberrypi_pico_sdk-jazzy/libmicroros/libmicroros.a(libmicrocdr-basic.c.obj)
                0x10006160                ucdr_deserialize_int16_t
 .text.ucdr_serialize_int32_t
                0x10006240      0x110 /home/valentin/Documents/micro_ros_raspberrypi_pico_sdk-jazzy/libmicroros/libmicroros.a(libmicrocdr-basic.c.obj)
                0x10006240                ucdr_serialize_int32_t
 .text.ucdr_deserialize_int32_t
                0x10006350      0x108 /home/valentin/Documents/micro_ros_raspberrypi_pico_sdk-jazzy/libmicroros/libmicroros.a(libmicrocdr-basic.c.obj)
                0x10006350                ucdr_deserialize_int32_t
 .text.ucdr_check_buffer_available_for
                0x10006458       0x18 /home/valentin/Documents/micro_ros_raspberrypi_pico_sdk-jazzy/libmicroros/libmicroros.a(libmicrocdr-common.c.obj)
                0x10006458                ucdr_check_buffer_available_for
 .text.ucdr_check_final_buffer_behavior
                0x10006470       0x38 /home/valentin/Documents/micro_ros_raspberrypi_pico_sdk-jazzy/libmicroros/libmicroros.a(libmicrocdr-common.c.obj)
                0x10006470                ucdr_check_final_buffer_behavior
 .text.ucdr_set_on_full_buffer_callback
                0x100064a8        0x8 /home/valentin/Documents/micro_ros_raspberrypi_pico_sdk-jazzy/libmicroros/libmicroros.a(libmicrocdr-common.c.obj)
                0x100064a8                ucdr_set_on_full_buffer_callback
 .text.ucdr_init_buffer_origin_offset_endian
                0x100064b0       0x28 /home/valentin/Documents/micro_ros_raspberrypi_pico_sdk-jazzy/libmicroros/libmicroros.a(libmicrocdr-common.c.obj)
                0x100064b0                ucdr_init_buffer_origin_offset_endian
 .text.ucdr_init_buffer_origin_offset
                0x100064d8       0x14 /home/valentin/Documents/micro_ros_raspberrypi_pico_sdk-jazzy/libmicroros/libmicroros.a(libmicrocdr-common.c.obj)
                0x100064d8                ucdr_init_buffer_origin_offset
 .text.ucdr_init_buffer_origin
                0x100064ec       0x10 /home/valentin/Documents/micro_ros_raspberrypi_pico_sdk-jazzy/libmicroros/libmicroros.a(libmicrocdr-common.c.obj)
                0x100064ec                ucdr_init_buffer_origin
 .text.ucdr_init_buffer
                0x100064fc        0xc /home/valentin/Documents/micro_ros_raspberrypi_pico_sdk-jazzy/libmicroros/libmicroros.a(libmicrocdr-common.c.obj)
                0x100064fc                ucdr_init_buffer
 .text.ucdr_alignment
                0x10006508       0x10 /home/valentin/Documents/micro_ros_raspberrypi_pico_sdk-jazzy/libmicroros/libmicroros.a(libmicrocdr-common.c.obj)
                0x10006508                ucdr_alignment
 .text.ucdr_buffer_alignment
                0x10006518       0x1c /home/valentin/Documents/micro_ros_raspberrypi_pico_sdk-jazzy/libmicroros/libmicroros.a(libmicrocdr-common.c.obj)
                0x10006518                ucdr_buffer_alignment
 .text.ucdr_align_to
                0x10006534       0x24 /home/valentin/Documents/micro_ros_raspberrypi_pico_sdk-jazzy/libmicroros/libmicroros.a(libmicrocdr-common.c.obj)
                0x10006534                ucdr_align_to
 .text.ucdr_buffer_length
                0x10006558        0x8 /home/valentin/Documents/micro_ros_raspberrypi_pico_sdk-jazzy/libmicroros/libmicroros.a(libmicrocdr-common.c.obj)
                0x10006558                ucdr_buffer_length
 .text.ucdr_buffer_remaining
                0x10006560        0x8 /home/valentin/Documents/micro_ros_raspberrypi_pico_sdk-jazzy/libmicroros/libmicroros.a(libmicrocdr-common.c.obj)
                0x10006560                ucdr_buffer_remaining
 .text.ucdr_check_final_buffer_behavior_array
                0x10006568       0x44 /home/valentin/Documents/micro_ros_raspberrypi_pico_sdk-jazzy/libmicroros/libmicroros.a(libmicrocdr-common.c.obj)
                0x10006568                ucdr_check_final_buffer_behavior_array
 .text.ucdr_advance_buffer
                0x100065ac       0x40 /home/valentin/Documents/micro_ros_raspberrypi_pico_sdk-jazzy/libmicroros/libmicroros.a(libmicrocdr-common.c.obj)
                0x100065ac                ucdr_advance_buffer
 .text.uxr_buffer_delete_entity
                0x100065ec       0x3c /home/valentin/Documents/micro_ros_raspberrypi_pico_sdk-jazzy/libmicroros/libmicroros.a(libmicroxrcedds_client-common_create_entities.c.obj)
                0x100065ec                uxr_buffer_delete_entity
 .text.uxr_common_create_entity
                0x10006628       0x54 /home/valentin/Documents/micro_ros_raspberrypi_pico_sdk-jazzy/libmicroros/libmicroros.a(libmicroxrcedds_client-common_create_entities.c.obj)
                0x10006628                uxr_common_create_entity
 .text.uxr_buffer_create_participant_bin
                0x1000667c       0x68 /home/valentin/Documents/micro_ros_raspberrypi_pico_sdk-jazzy/libmicroros/libmicroros.a(libmicroxrcedds_client-create_entities_bin.c.obj)
                0x1000667c                uxr_buffer_create_participant_bin
 .text.uxr_buffer_create_topic_bin
                0x100066e4       0x70 /home/valentin/Documents/micro_ros_raspberrypi_pico_sdk-jazzy/libmicroros/libmicroros.a(libmicroxrcedds_client-create_entities_bin.c.obj)
                0x100066e4                uxr_buffer_create_topic_bin
 .text.uxr_buffer_create_publisher_bin
                0x10006754       0x6c /home/valentin/Documents/micro_ros_raspberrypi_pico_sdk-jazzy/libmicroros/libmicroros.a(libmicroxrcedds_client-create_entities_bin.c.obj)
                0x10006754                uxr_buffer_create_publisher_bin
 .text.uxr_buffer_create_subscriber_bin
                0x100067c0       0x6c /home/valentin/Documents/micro_ros_raspberrypi_pico_sdk-jazzy/libmicroros/libmicroros.a(libmicroxrcedds_client-create_entities_bin.c.obj)
                0x100067c0                uxr_buffer_create_subscriber_bin
 .text.uxr_buffer_create_datawriter_bin
                0x1000682c       0xcc /home/valentin/Documents/micro_ros_raspberrypi_pico_sdk-jazzy/libmicroros/libmicroros.a(libmicroxrcedds_client-create_entities_bin.c.obj)
                0x1000682c                uxr_buffer_create_datawriter_bin
 .text.uxr_buffer_create_datareader_bin
                0x100068f8       0xd0 /home/valentin/Documents/micro_ros_raspberrypi_pico_sdk-jazzy/libmicroros/libmicroros.a(libmicroxrcedds_client-create_entities_bin.c.obj)
                0x100068f8                uxr_buffer_create_datareader_bin
 .text.get_custom_error
                0x100069c8        0xc /home/valentin/Documents/micro_ros_raspberrypi_pico_sdk-jazzy/libmicroros/libmicroros.a(libmicroxrcedds_client-custom_transport.c.obj)
 .text.recv_custom_msg
                0x100069d4       0xb0 /home/valentin/Documents/micro_ros_raspberrypi_pico_sdk-jazzy/libmicroros/libmicroros.a(libmicroxrcedds_client-custom_transport.c.obj)
 .text.send_custom_msg
                0x10006a84       0x5c /home/valentin/Documents/micro_ros_raspberrypi_pico_sdk-jazzy/libmicroros/libmicroros.a(libmicroxrcedds_client-custom_transport.c.obj)
 .text.uxr_set_custom_transport_callbacks
                0x10006ae0       0x24 /home/valentin/Documents/micro_ros_raspberrypi_pico_sdk-jazzy/libmicroros/libmicroros.a(libmicroxrcedds_client-custom_transport.c.obj)
                0x10006ae0                uxr_set_custom_transport_callbacks
 .text.uxr_init_custom_transport
                0x10006b04       0x88 /home/valentin/Documents/micro_ros_raspberrypi_pico_sdk-jazzy/libmicroros/libmicroros.a(libmicroxrcedds_client-custom_transport.c.obj)
                0x10006b04                uxr_init_custom_transport
 .text.uxr_close_custom_transport
                0x10006b8c        0xc /home/valentin/Documents/micro_ros_raspberrypi_pico_sdk-jazzy/libmicroros/libmicroros.a(libmicroxrcedds_client-custom_transport.c.obj)
                0x10006b8c                uxr_close_custom_transport
 .text.uxr_object_id
                0x10006b98       0x10 /home/valentin/Documents/micro_ros_raspberrypi_pico_sdk-jazzy/libmicroros/libmicroros.a(libmicroxrcedds_client-object_id.c.obj)
                0x10006b98                uxr_object_id
 .text.uxr_object_id_from_raw
                0x10006ba8       0x20 /home/valentin/Documents/micro_ros_raspberrypi_pico_sdk-jazzy/libmicroros/libmicroros.a(libmicroxrcedds_client-object_id.c.obj)
                0x10006ba8                uxr_object_id_from_raw
 .text.uxr_object_id_to_raw
                0x10006bc8       0x18 /home/valentin/Documents/micro_ros_raspberrypi_pico_sdk-jazzy/libmicroros/libmicroros.a(libmicroxrcedds_client-object_id.c.obj)
                0x10006bc8                uxr_object_id_to_raw
 .text.uxr_ping_agent_session
                0x10006be0       0x9c /home/valentin/Documents/micro_ros_raspberrypi_pico_sdk-jazzy/libmicroros/libmicroros.a(libmicroxrcedds_client-ping.c.obj)
                0x10006be0                uxr_ping_agent_session
 .text.uxr_ping_agent_attempts
                0x10006c7c      0x198 /home/valentin/Documents/micro_ros_raspberrypi_pico_sdk-jazzy/libmicroros/libmicroros.a(libmicroxrcedds_client-ping.c.obj)
                0x10006c7c                uxr_ping_agent_attempts
 .text.on_get_fragmentation_info
                0x10006e14       0x38 /home/valentin/Documents/micro_ros_raspberrypi_pico_sdk-jazzy/libmicroros/libmicroros.a(libmicroxrcedds_client-session.c.obj)
 .text.read_submessage_get_info
                0x10006e4c       0x74 /home/valentin/Documents/micro_ros_raspberrypi_pico_sdk-jazzy/libmicroros/libmicroros.a(libmicroxrcedds_client-session.c.obj)
 .text.write_submessage_acknack.isra.0
                0x10006ec0       0x6c /home/valentin/Documents/micro_ros_raspberrypi_pico_sdk-jazzy/libmicroros/libmicroros.a(libmicroxrcedds_client-session.c.obj)
 .text.uxr_init_session
                0x10006f2c       0x48 /home/valentin/Documents/micro_ros_raspberrypi_pico_sdk-jazzy/libmicroros/libmicroros.a(libmicroxrcedds_client-session.c.obj)
                0x10006f2c                uxr_init_session
 .text.uxr_set_status_callback
                0x10006f74        0xc /home/valentin/Documents/micro_ros_raspberrypi_pico_sdk-jazzy/libmicroros/libmicroros.a(libmicroxrcedds_client-session.c.obj)
                0x10006f74                uxr_set_status_callback
 .text.uxr_set_topic_callback
                0x10006f80        0xc /home/valentin/Documents/micro_ros_raspberrypi_pico_sdk-jazzy/libmicroros/libmicroros.a(libmicroxrcedds_client-session.c.obj)
                0x10006f80                uxr_set_topic_callback
 .text.uxr_set_request_callback
                0x10006f8c        0xc /home/valentin/Documents/micro_ros_raspberrypi_pico_sdk-jazzy/libmicroros/libmicroros.a(libmicroxrcedds_client-session.c.obj)
                0x10006f8c                uxr_set_request_callback
 .text.uxr_set_reply_callback
                0x10006f98        0xc /home/valentin/Documents/micro_ros_raspberrypi_pico_sdk-jazzy/libmicroros/libmicroros.a(libmicroxrcedds_client-session.c.obj)
                0x10006f98                uxr_set_reply_callback
 .text.uxr_create_output_best_effort_stream
                0x10006fa4       0x40 /home/valentin/Documents/micro_ros_raspberrypi_pico_sdk-jazzy/libmicroros/libmicroros.a(libmicroxrcedds_client-session.c.obj)
                0x10006fa4                uxr_create_output_best_effort_stream
 .text.uxr_create_output_reliable_stream
                0x10006fe4       0x44 /home/valentin/Documents/micro_ros_raspberrypi_pico_sdk-jazzy/libmicroros/libmicroros.a(libmicroxrcedds_client-session.c.obj)
                0x10006fe4                uxr_create_output_reliable_stream
 .text.uxr_create_input_best_effort_stream
                0x10007028       0x2c /home/valentin/Documents/micro_ros_raspberrypi_pico_sdk-jazzy/libmicroros/libmicroros.a(libmicroxrcedds_client-session.c.obj)
                0x10007028                uxr_create_input_best_effort_stream
 .text.uxr_create_input_reliable_stream
                0x10007054       0x34 /home/valentin/Documents/micro_ros_raspberrypi_pico_sdk-jazzy/libmicroros/libmicroros.a(libmicroxrcedds_client-session.c.obj)
                0x10007054                uxr_create_input_reliable_stream
 .text.uxr_epoch_nanos
                0x10007088       0x14 /home/valentin/Documents/micro_ros_raspberrypi_pico_sdk-jazzy/libmicroros/libmicroros.a(libmicroxrcedds_client-session.c.obj)
                0x10007088                uxr_epoch_nanos
 .text.uxr_flash_output_streams
                0x1000709c       0xf8 /home/valentin/Documents/micro_ros_raspberrypi_pico_sdk-jazzy/libmicroros/libmicroros.a(libmicroxrcedds_client-session.c.obj)
                0x1000709c                uxr_flash_output_streams
 .text.read_submessage_info
                0x10007194       0xa8 /home/valentin/Documents/micro_ros_raspberrypi_pico_sdk-jazzy/libmicroros/libmicroros.a(libmicroxrcedds_client-session.c.obj)
                0x10007194                read_submessage_info
 .text.read_submessage_list
                0x1000723c      0x3a8 /home/valentin/Documents/micro_ros_raspberrypi_pico_sdk-jazzy/libmicroros/libmicroros.a(libmicroxrcedds_client-session.c.obj)
 .text.listen_message_reliably
                0x100075e4      0x2ac /home/valentin/Documents/micro_ros_raspberrypi_pico_sdk-jazzy/libmicroros/libmicroros.a(libmicroxrcedds_client-session.c.obj)
 .text.uxr_run_session_timeout
                0x10007890       0x30 /home/valentin/Documents/micro_ros_raspberrypi_pico_sdk-jazzy/libmicroros/libmicroros.a(libmicroxrcedds_client-session.c.obj)
                0x10007890                uxr_run_session_timeout
 .text.uxr_run_session_until_data
                0x100078c0       0x3c /home/valentin/Documents/micro_ros_raspberrypi_pico_sdk-jazzy/libmicroros/libmicroros.a(libmicroxrcedds_client-session.c.obj)
                0x100078c0                uxr_run_session_until_data
 .text.uxr_run_session_until_confirm_delivery
                0x100078fc       0x4c /home/valentin/Documents/micro_ros_raspberrypi_pico_sdk-jazzy/libmicroros/libmicroros.a(libmicroxrcedds_client-session.c.obj)
                0x100078fc                uxr_run_session_until_confirm_delivery
 .text.uxr_run_session_until_all_status
                0x10007948       0xc4 /home/valentin/Documents/micro_ros_raspberrypi_pico_sdk-jazzy/libmicroros/libmicroros.a(libmicroxrcedds_client-session.c.obj)
                0x10007948                uxr_run_session_until_all_status
 .text.uxr_run_session_until_pong
                0x10007a0c       0x44 /home/valentin/Documents/micro_ros_raspberrypi_pico_sdk-jazzy/libmicroros/libmicroros.a(libmicroxrcedds_client-session.c.obj)
                0x10007a0c                uxr_run_session_until_pong
 .text.wait_session_status
                0x10007a50      0x1d0 /home/valentin/Documents/micro_ros_raspberrypi_pico_sdk-jazzy/libmicroros/libmicroros.a(libmicroxrcedds_client-session.c.obj)
 .text.uxr_delete_session_retries
                0x10007c20       0x50 /home/valentin/Documents/micro_ros_raspberrypi_pico_sdk-jazzy/libmicroros/libmicroros.a(libmicroxrcedds_client-session.c.obj)
                0x10007c20                uxr_delete_session_retries
 .text.uxr_create_session
                0x10007c70      0x1f4 /home/valentin/Documents/micro_ros_raspberrypi_pico_sdk-jazzy/libmicroros/libmicroros.a(libmicroxrcedds_client-session.c.obj)
                0x10007c70                uxr_create_session
 .text.uxr_prepare_stream_to_write_submessage
                0x10007e64       0x90 /home/valentin/Documents/micro_ros_raspberrypi_pico_sdk-jazzy/libmicroros/libmicroros.a(libmicroxrcedds_client-session.c.obj)
                0x10007e64                uxr_prepare_stream_to_write_submessage
 .text.uxr_init_session_info
                0x10007ef4       0x20 /home/valentin/Documents/micro_ros_raspberrypi_pico_sdk-jazzy/libmicroros/libmicroros.a(libmicroxrcedds_client-session_info.c.obj)
                0x10007ef4                uxr_init_session_info
 .text.uxr_buffer_create_session
                0x10007f14       0x60 /home/valentin/Documents/micro_ros_raspberrypi_pico_sdk-jazzy/libmicroros/libmicroros.a(libmicroxrcedds_client-session_info.c.obj)
                0x10007f14                uxr_buffer_create_session
 .text.uxr_buffer_delete_session
                0x10007f74       0x34 /home/valentin/Documents/micro_ros_raspberrypi_pico_sdk-jazzy/libmicroros/libmicroros.a(libmicroxrcedds_client-session_info.c.obj)
                0x10007f74                uxr_buffer_delete_session
 .text.uxr_read_create_session_status
                0x10007fa8       0x18 /home/valentin/Documents/micro_ros_raspberrypi_pico_sdk-jazzy/libmicroros/libmicroros.a(libmicroxrcedds_client-session_info.c.obj)
                0x10007fa8                uxr_read_create_session_status
 .text.uxr_read_delete_session_status
                0x10007fc0       0x34 /home/valentin/Documents/micro_ros_raspberrypi_pico_sdk-jazzy/libmicroros/libmicroros.a(libmicroxrcedds_client-session_info.c.obj)
                0x10007fc0                uxr_read_delete_session_status
 .text.uxr_stamp_create_session_header
                0x10007ff4       0x28 /home/valentin/Documents/micro_ros_raspberrypi_pico_sdk-jazzy/libmicroros/libmicroros.a(libmicroxrcedds_client-session_info.c.obj)
                0x10007ff4                uxr_stamp_create_session_header
 .text.uxr_stamp_session_header
                0x1000801c       0x28 /home/valentin/Documents/micro_ros_raspberrypi_pico_sdk-jazzy/libmicroros/libmicroros.a(libmicroxrcedds_client-session_info.c.obj)
                0x1000801c                uxr_stamp_session_header
 .text.uxr_read_session_header
                0x10008044       0x90 /home/valentin/Documents/micro_ros_raspberrypi_pico_sdk-jazzy/libmicroros/libmicroros.a(libmicroxrcedds_client-session_info.c.obj)
                0x10008044                uxr_read_session_header
 .text.uxr_session_header_offset
                0x100080d4       0x10 /home/valentin/Documents/micro_ros_raspberrypi_pico_sdk-jazzy/libmicroros/libmicroros.a(libmicroxrcedds_client-session_info.c.obj)
                0x100080d4                uxr_session_header_offset
 .text.uxr_init_base_object_request
                0x100080e4       0x3c /home/valentin/Documents/micro_ros_raspberrypi_pico_sdk-jazzy/libmicroros/libmicroros.a(libmicroxrcedds_client-session_info.c.obj)
                0x100080e4                uxr_init_base_object_request
 .text.uxr_parse_base_object_request
                0x10008120       0x24 /home/valentin/Documents/micro_ros_raspberrypi_pico_sdk-jazzy/libmicroros/libmicroros.a(libmicroxrcedds_client-session_info.c.obj)
                0x10008120                uxr_parse_base_object_request
 .text.uxr_init_framing_io
                0x10008144        0xc /home/valentin/Documents/micro_ros_raspberrypi_pico_sdk-jazzy/libmicroros/libmicroros.a(libmicroxrcedds_client-stream_framing_protocol.c.obj)
                0x10008144                uxr_init_framing_io
 .text.uxr_write_framed_msg
                0x10008150      0x32c /home/valentin/Documents/micro_ros_raspberrypi_pico_sdk-jazzy/libmicroros/libmicroros.a(libmicroxrcedds_client-stream_framing_protocol.c.obj)
                0x10008150                uxr_write_framed_msg
 .text.uxr_framing_read_transport
                0x1000847c      0x10c /home/valentin/Documents/micro_ros_raspberrypi_pico_sdk-jazzy/libmicroros/libmicroros.a(libmicroxrcedds_client-stream_framing_protocol.c.obj)
                0x1000847c                uxr_framing_read_transport
 .text.uxr_read_framed_msg
                0x10008588      0x414 /home/valentin/Documents/micro_ros_raspberrypi_pico_sdk-jazzy/libmicroros/libmicroros.a(libmicroxrcedds_client-stream_framing_protocol.c.obj)
                0x10008588                uxr_read_framed_msg
 .text.uxr_stream_id
                0x1000899c       0x4c /home/valentin/Documents/micro_ros_raspberrypi_pico_sdk-jazzy/libmicroros/libmicroros.a(libmicroxrcedds_client-stream_id.c.obj)
                0x1000899c                uxr_stream_id
 .text.uxr_stream_id_from_raw
                0x100089e8       0x54 /home/valentin/Documents/micro_ros_raspberrypi_pico_sdk-jazzy/libmicroros/libmicroros.a(libmicroxrcedds_client-stream_id.c.obj)
                0x100089e8                uxr_stream_id_from_raw
 .text.uxr_init_stream_storage
                0x10008a3c       0x14 /home/valentin/Documents/micro_ros_raspberrypi_pico_sdk-jazzy/libmicroros/libmicroros.a(libmicroxrcedds_client-stream_storage.c.obj)
                0x10008a3c                uxr_init_stream_storage
 .text.uxr_reset_stream_storage
                0x10008a50       0x80 /home/valentin/Documents/micro_ros_raspberrypi_pico_sdk-jazzy/libmicroros/libmicroros.a(libmicroxrcedds_client-stream_storage.c.obj)
                0x10008a50                uxr_reset_stream_storage
 .text.uxr_add_output_best_effort_buffer
                0x10008ad0       0x40 /home/valentin/Documents/micro_ros_raspberrypi_pico_sdk-jazzy/libmicroros/libmicroros.a(libmicroxrcedds_client-stream_storage.c.obj)
                0x10008ad0                uxr_add_output_best_effort_buffer
 .text.uxr_add_output_reliable_buffer
                0x10008b10       0x4c /home/valentin/Documents/micro_ros_raspberrypi_pico_sdk-jazzy/libmicroros/libmicroros.a(libmicroxrcedds_client-stream_storage.c.obj)
                0x10008b10                uxr_add_output_reliable_buffer
 .text.uxr_add_input_best_effort_buffer
                0x10008b5c       0x44 /home/valentin/Documents/micro_ros_raspberrypi_pico_sdk-jazzy/libmicroros/libmicroros.a(libmicroxrcedds_client-stream_storage.c.obj)
                0x10008b5c                uxr_add_input_best_effort_buffer
 .text.uxr_add_input_reliable_buffer
                0x10008ba0       0x4c /home/valentin/Documents/micro_ros_raspberrypi_pico_sdk-jazzy/libmicroros/libmicroros.a(libmicroxrcedds_client-stream_storage.c.obj)
                0x10008ba0                uxr_add_input_reliable_buffer
 .text.uxr_get_output_best_effort_stream
                0x10008bec       0x10 /home/valentin/Documents/micro_ros_raspberrypi_pico_sdk-jazzy/libmicroros/libmicroros.a(libmicroxrcedds_client-stream_storage.c.obj)
                0x10008bec                uxr_get_output_best_effort_stream
 .text.uxr_get_output_reliable_stream
                0x10008bfc       0x18 /home/valentin/Documents/micro_ros_raspberrypi_pico_sdk-jazzy/libmicroros/libmicroros.a(libmicroxrcedds_client-stream_storage.c.obj)
                0x10008bfc                uxr_get_output_reliable_stream
 .text.uxr_get_input_best_effort_stream
                0x10008c14       0x14 /home/valentin/Documents/micro_ros_raspberrypi_pico_sdk-jazzy/libmicroros/libmicroros.a(libmicroxrcedds_client-stream_storage.c.obj)
                0x10008c14                uxr_get_input_best_effort_stream
 .text.uxr_get_input_reliable_stream
                0x10008c28       0x18 /home/valentin/Documents/micro_ros_raspberrypi_pico_sdk-jazzy/libmicroros/libmicroros.a(libmicroxrcedds_client-stream_storage.c.obj)
                0x10008c28                uxr_get_input_reliable_stream
 .text.uxr_output_streams_confirmed
                0x10008c40       0x30 /home/valentin/Documents/micro_ros_raspberrypi_pico_sdk-jazzy/libmicroros/libmicroros.a(libmicroxrcedds_client-stream_storage.c.obj)
                0x10008c40                uxr_output_streams_confirmed
 .text.uxr_buffer_submessage_header
                0x10008c70       0x34 /home/valentin/Documents/micro_ros_raspberrypi_pico_sdk-jazzy/libmicroros/libmicroros.a(libmicroxrcedds_client-submessage.c.obj)
                0x10008c70                uxr_buffer_submessage_header
 .text.uxr_read_submessage_header
                0x10008ca4       0x4c /home/valentin/Documents/micro_ros_raspberrypi_pico_sdk-jazzy/libmicroros/libmicroros.a(libmicroxrcedds_client-submessage.c.obj)
                0x10008ca4                uxr_read_submessage_header
 .text.uxr_submessage_padding
                0x10008cf0       0x14 /home/valentin/Documents/micro_ros_raspberrypi_pico_sdk-jazzy/libmicroros/libmicroros.a(libmicroxrcedds_client-submessage.c.obj)
                0x10008cf0                uxr_submessage_padding
 .text.uxr_millis
                0x10008d04       0x38 /home/valentin/Documents/micro_ros_raspberrypi_pico_sdk-jazzy/libmicroros/libmicroros.a(libmicroxrcedds_client-time.c.obj)
                0x10008d04                uxr_millis
 .text.uxr_nanos
                0x10008d3c       0x2c /home/valentin/Documents/micro_ros_raspberrypi_pico_sdk-jazzy/libmicroros/libmicroros.a(libmicroxrcedds_client-time.c.obj)
                0x10008d3c                uxr_nanos
 .text.on_full_output_buffer_fragmented
                0x10008d68      0x12c /home/valentin/Documents/micro_ros_raspberrypi_pico_sdk-jazzy/libmicroros/libmicroros.a(libmicroxrcedds_client-write_access.c.obj)
                0x10008d68                on_full_output_buffer_fragmented
 .text.uxr_prepare_output_stream
                0x10008e94       0x60 /home/valentin/Documents/micro_ros_raspberrypi_pico_sdk-jazzy/libmicroros/libmicroros.a(libmicroxrcedds_client-write_access.c.obj)
                0x10008e94                uxr_prepare_output_stream
 .text.uxr_prepare_output_stream_fragmented
                0x10008ef4      0x1d8 /home/valentin/Documents/micro_ros_raspberrypi_pico_sdk-jazzy/libmicroros/libmicroros.a(libmicroxrcedds_client-write_access.c.obj)
                0x10008ef4                uxr_prepare_output_stream_fragmented
 .text.uxr_serialize_message_header
                0x100090cc       0x34 /home/valentin/Documents/micro_ros_raspberrypi_pico_sdk-jazzy/libmicroros/libmicroros.a(libmicroxrcedds_client-xrce_header.c.obj)
                0x100090cc                uxr_serialize_message_header
 .text.uxr_deserialize_message_header
                0x10009100       0x34 /home/valentin/Documents/micro_ros_raspberrypi_pico_sdk-jazzy/libmicroros/libmicroros.a(libmicroxrcedds_client-xrce_header.c.obj)
                0x10009100                uxr_deserialize_message_header
 .text.uxr_serialize_submessage_header
                0x10009134       0x20 /home/valentin/Documents/micro_ros_raspberrypi_pico_sdk-jazzy/libmicroros/libmicroros.a(libmicroxrcedds_client-xrce_subheader.c.obj)
                0x10009134                uxr_serialize_submessage_header
 .text.uxr_deserialize_submessage_header
                0x10009154       0x20 /home/valentin/Documents/micro_ros_raspberrypi_pico_sdk-jazzy/libmicroros/libmicroros.a(libmicroxrcedds_client-xrce_subheader.c.obj)
                0x10009154                uxr_deserialize_submessage_header
 .text.uxr_serialize_CLIENT_Representation
                0x10009174       0xbc /home/valentin/Documents/micro_ros_raspberrypi_pico_sdk-jazzy/libmicroros/libmicroros.a(libmicroxrcedds_client-xrce_types.c.obj)
                0x10009174                uxr_serialize_CLIENT_Representation
 .text.uxr_deserialize_CLIENT_Representation
                0x10009230       0xd0 /home/valentin/Documents/micro_ros_raspberrypi_pico_sdk-jazzy/libmicroros/libmicroros.a(libmicroxrcedds_client-xrce_types.c.obj)
                0x10009230                uxr_deserialize_CLIENT_Representation
 .text.uxr_serialize_AGENT_Representation
                0x10009300       0x98 /home/valentin/Documents/micro_ros_raspberrypi_pico_sdk-jazzy/libmicroros/libmicroros.a(libmicroxrcedds_client-xrce_types.c.obj)
                0x10009300                uxr_serialize_AGENT_Representation
 .text.uxr_serialize_DATAWRITER_Representation
                0x10009398       0x50 /home/valentin/Documents/micro_ros_raspberrypi_pico_sdk-jazzy/libmicroros/libmicroros.a(libmicroxrcedds_client-xrce_types.c.obj)
                0x10009398                uxr_serialize_DATAWRITER_Representation
 .text.uxr_serialize_ObjectVariant.part.0
                0x100093e8       0xdc /home/valentin/Documents/micro_ros_raspberrypi_pico_sdk-jazzy/libmicroros/libmicroros.a(libmicroxrcedds_client-xrce_types.c.obj)
 .text.uxr_deserialize_DATAWRITER_Representation
                0x100094c4       0x54 /home/valentin/Documents/micro_ros_raspberrypi_pico_sdk-jazzy/libmicroros/libmicroros.a(libmicroxrcedds_client-xrce_types.c.obj)
                0x100094c4                uxr_deserialize_DATAWRITER_Representation
 .text.uxr_serialize_OBJK_DomainParticipant_Binary